Archive member included to satisfy reference by file (symbol)

/home/nir/st/stm32cubeide_1.12.1_3/plugins/com.st.stm32cube.ide.mcu.externaltools.gnu-tools-for-stm32.10.3-2021.10.linux64_1.0.200.202301161003/tools/bin/../lib/gcc/arm-none-eabi/10.3.1/../../../../arm-none-eabi/lib/thumb/v7e-m+fp/hard/libc_nano.a(lib_a-errno.o)
                              ./Core/Src/syscalls.o (__errno)
/home/nir/st/stm32cubeide_1.12.1_3/plugins/com.st.stm32cube.ide.mcu.externaltools.gnu-tools-for-stm32.10.3-2021.10.linux64_1.0.200.202301161003/tools/bin/../lib/gcc/arm-none-eabi/10.3.1/../../../../arm-none-eabi/lib/thumb/v7e-m+fp/hard/libc_nano.a(lib_a-exit.o)
                              /home/nir/st/stm32cubeide_1.12.1_3/plugins/com.st.stm32cube.ide.mcu.externaltools.gnu-tools-for-stm32.10.3-2021.10.linux64_1.0.200.202301161003/tools/bin/../lib/gcc/arm-none-eabi/10.3.1/../../../../arm-none-eabi/lib/thumb/v7e-m+fp/hard/crt0.o (exit)
/home/nir/st/stm32cubeide_1.12.1_3/plugins/com.st.stm32cube.ide.mcu.externaltools.gnu-tools-for-stm32.10.3-2021.10.linux64_1.0.200.202301161003/tools/bin/../lib/gcc/arm-none-eabi/10.3.1/../../../../arm-none-eabi/lib/thumb/v7e-m+fp/hard/libc_nano.a(lib_a-impure.o)
                              /home/nir/st/stm32cubeide_1.12.1_3/plugins/com.st.stm32cube.ide.mcu.externaltools.gnu-tools-for-stm32.10.3-2021.10.linux64_1.0.200.202301161003/tools/bin/../lib/gcc/arm-none-eabi/10.3.1/../../../../arm-none-eabi/lib/thumb/v7e-m+fp/hard/libc_nano.a(lib_a-exit.o) (_global_impure_ptr)
/home/nir/st/stm32cubeide_1.12.1_3/plugins/com.st.stm32cube.ide.mcu.externaltools.gnu-tools-for-stm32.10.3-2021.10.linux64_1.0.200.202301161003/tools/bin/../lib/gcc/arm-none-eabi/10.3.1/../../../../arm-none-eabi/lib/thumb/v7e-m+fp/hard/libc_nano.a(lib_a-init.o)
                              /home/nir/st/stm32cubeide_1.12.1_3/plugins/com.st.stm32cube.ide.mcu.externaltools.gnu-tools-for-stm32.10.3-2021.10.linux64_1.0.200.202301161003/tools/bin/../lib/gcc/arm-none-eabi/10.3.1/../../../../arm-none-eabi/lib/thumb/v7e-m+fp/hard/crt0.o (__libc_init_array)
/home/nir/st/stm32cubeide_1.12.1_3/plugins/com.st.stm32cube.ide.mcu.externaltools.gnu-tools-for-stm32.10.3-2021.10.linux64_1.0.200.202301161003/tools/bin/../lib/gcc/arm-none-eabi/10.3.1/../../../../arm-none-eabi/lib/thumb/v7e-m+fp/hard/libc_nano.a(lib_a-memcpy-stub.o)
                              ./Core/Src/fdcan.o (memcpy)
/home/nir/st/stm32cubeide_1.12.1_3/plugins/com.st.stm32cube.ide.mcu.externaltools.gnu-tools-for-stm32.10.3-2021.10.linux64_1.0.200.202301161003/tools/bin/../lib/gcc/arm-none-eabi/10.3.1/../../../../arm-none-eabi/lib/thumb/v7e-m+fp/hard/libc_nano.a(lib_a-memset.o)
                              /home/nir/st/stm32cubeide_1.12.1_3/plugins/com.st.stm32cube.ide.mcu.externaltools.gnu-tools-for-stm32.10.3-2021.10.linux64_1.0.200.202301161003/tools/bin/../lib/gcc/arm-none-eabi/10.3.1/../../../../arm-none-eabi/lib/thumb/v7e-m+fp/hard/crt0.o (memset)
/home/nir/st/stm32cubeide_1.12.1_3/plugins/com.st.stm32cube.ide.mcu.externaltools.gnu-tools-for-stm32.10.3-2021.10.linux64_1.0.200.202301161003/tools/bin/../lib/gcc/arm-none-eabi/10.3.1/../../../../arm-none-eabi/lib/thumb/v7e-m+fp/hard/libc_nano.a(lib_a-printf.o)
                              ./Core/Src/max22200_driver.o (printf)
/home/nir/st/stm32cubeide_1.12.1_3/plugins/com.st.stm32cube.ide.mcu.externaltools.gnu-tools-for-stm32.10.3-2021.10.linux64_1.0.200.202301161003/tools/bin/../lib/gcc/arm-none-eabi/10.3.1/../../../../arm-none-eabi/lib/thumb/v7e-m+fp/hard/libc_nano.a(lib_a-findfp.o)
                              /home/nir/st/stm32cubeide_1.12.1_3/plugins/com.st.stm32cube.ide.mcu.externaltools.gnu-tools-for-stm32.10.3-2021.10.linux64_1.0.200.202301161003/tools/bin/../lib/gcc/arm-none-eabi/10.3.1/../../../../arm-none-eabi/lib/thumb/v7e-m+fp/hard/libc_nano.a(lib_a-printf.o) (__sinit)
/home/nir/st/stm32cubeide_1.12.1_3/plugins/com.st.stm32cube.ide.mcu.externaltools.gnu-tools-for-stm32.10.3-2021.10.linux64_1.0.200.202301161003/tools/bin/../lib/gcc/arm-none-eabi/10.3.1/../../../../arm-none-eabi/lib/thumb/v7e-m+fp/hard/libc_nano.a(lib_a-fwalk.o)
                              /home/nir/st/stm32cubeide_1.12.1_3/plugins/com.st.stm32cube.ide.mcu.externaltools.gnu-tools-for-stm32.10.3-2021.10.linux64_1.0.200.202301161003/tools/bin/../lib/gcc/arm-none-eabi/10.3.1/../../../../arm-none-eabi/lib/thumb/v7e-m+fp/hard/libc_nano.a(lib_a-findfp.o) (_fwalk)
/home/nir/st/stm32cubeide_1.12.1_3/plugins/com.st.stm32cube.ide.mcu.externaltools.gnu-tools-for-stm32.10.3-2021.10.linux64_1.0.200.202301161003/tools/bin/../lib/gcc/arm-none-eabi/10.3.1/../../../../arm-none-eabi/lib/thumb/v7e-m+fp/hard/libc_nano.a(lib_a-lock.o)
                              /home/nir/st/stm32cubeide_1.12.1_3/plugins/com.st.stm32cube.ide.mcu.externaltools.gnu-tools-for-stm32.10.3-2021.10.linux64_1.0.200.202301161003/tools/bin/../lib/gcc/arm-none-eabi/10.3.1/../../../../arm-none-eabi/lib/thumb/v7e-m+fp/hard/libc_nano.a(lib_a-findfp.o) (__retarget_lock_init_recursive)
[...]
Memory Configuration

Name             Origin             Length             Attributes
RAM              0x0000000020000000 0x0000000000020000 xrw
FLASH            0x0000000008000000 0x0000000000020000 xr
*default*        0x0000000000000000 0xffffffffffffffff

Linker script and memory map

LOAD /home/nir/st/stm32cubeide_1.12.1_3/plugins/com.st.stm32cube.ide.mcu.externaltools.gnu-tools-for-stm32.10.3-2021.10.linux64_1.0.200.202301161003/tools/bin/../lib/gcc/arm-none-eabi/10.3.1/thumb/v7e-m+fp/hard/crti.o
LOAD /home/nir/st/stm32cubeide_1.12.1_3/plugins/com.st.stm32cube.ide.mcu.externaltools.gnu-tools-for-stm32.10.3-2021.10.linux64_1.0.200.202301161003/tools/bin/../lib/gcc/arm-none-eabi/10.3.1/thumb/v7e-m+fp/hard/crtbegin.o
LOAD /home/nir/st/stm32cubeide_1.12.1_3/plugins/com.st.stm32cube.ide.mcu.externaltools.gnu-tools-for-stm32.10.3-2021.10.linux64_1.0.200.202301161003/tools/bin/../lib/gcc/arm-none-eabi/10.3.1/../../../../arm-none-eabi/lib/thumb/v7e-m+fp/hard/crt0.o
LOAD ./Core/Src/adc.o
LOAD ./Core/Src/calibration.o
LOAD ./Core/Src/control.o
LOAD ./Core/Src/dma.o
LOAD ./Core/Src/encoder.o
LOAD ./Core/Src/fdcan.o
LOAD ./Core/Src/fsm.o
LOAD ./Core/Src/gpio.o
LOAD ./Core/Src/main.o
LOAD ./Core/Src/max22200_driver.o
LOAD ./Core/Src/motor.o
LOAD ./Core/Src/spi.o
LOAD ./Core/Src/stm32g4xx_hal_msp.o
LOAD ./Core/Src/stm32g4xx_it.o
LOAD ./Core/Src/syscalls.o
LOAD ./Core/Src/sysmem.o
LOAD ./Core/Src/system_stm32g4xx.o
LOAD ./Core/Src/tim.o
LOAD ./Core/Startup/startup_stm32g474rbtx.o
LOAD ./Drivers/STM32G4xx_HAL_Driver/Src/stm32g4xx_hal.o
LOAD ./Drivers/STM32G4xx_HAL_Driver/Src/stm32g4xx_hal_adc.o
LOAD ./Drivers/STM32G4xx_HAL_Driver/Src/stm32g4xx_hal_adc_ex.o
LOAD ./Drivers/STM32G4xx_HAL_Driver/Src/stm32g4xx_hal_cortex.o
LOAD ./Drivers/STM32G4xx_HAL_Driver/Src/stm32g4xx_hal_dma.o
LOAD ./Drivers/STM32G4xx_HAL_Driver/Src/stm32g4xx_hal_dma_ex.o
LOAD ./Drivers/STM32G4xx_HAL_Driver/Src/stm32g4xx_hal_exti.o
LOAD ./Drivers/STM32G4xx_HAL_Driver/Src/stm32g4xx_hal_fdcan.o
LOAD ./Drivers/STM32G4xx_HAL_Driver/Src/stm32g4xx_hal_flash.o
LOAD ./Drivers/STM32G4xx_HAL_Driver/Src/stm32g4xx_hal_flash_ex.o
LOAD ./Drivers/STM32G4xx_HAL_Driver/Src/stm32g4xx_hal_flash_ramfunc.o
LOAD ./Drivers/STM32G4xx_HAL_Driver/Src/stm32g4xx_hal_gpio.o
LOAD ./Drivers/STM32G4xx_HAL_Driver/Src/stm32g4xx_hal_pwr.o
LOAD ./Drivers/STM32G4xx_HAL_Driver/Src/stm32g4xx_hal_pwr_ex.o
LOAD ./Drivers/STM32G4xx_HAL_Driver/Src/stm32g4xx_hal_rcc.o
LOAD ./Drivers/STM32G4xx_HAL_Driver/Src/stm32g4xx_hal_rcc_ex.o
LOAD ./Drivers/STM32G4xx_HAL_Driver/Src/stm32g4xx_hal_spi.o
LOAD ./Drivers/STM32G4xx_HAL_Driver/Src/stm32g4xx_hal_spi_ex.o
LOAD ./Drivers/STM32G4xx_HAL_Driver/Src/stm32g4xx_hal_tim.o
LOAD ./Drivers/STM32G4xx_HAL_Driver/Src/stm32g4xx_hal_tim_ex.o
LOAD ./Drivers/STM32G4xx_HAL_Driver/Src/stm32g4xx_ll_adc.o
START GROUP
LOAD /home/nir/st/stm32cubeide_1.12.1_3/plugins/com.st.stm32cube.ide.mcu.externaltools.gnu-tools-for-stm32.10.3-2021.10.linux64_1.0.200.202301161003/tools/bin/../lib/gcc/arm-none-eabi/10.3.1/../../../../arm-none-eabi/lib/thumb/v7e-m+fp/hard/libc_nano.a
LOAD /home/nir/st/stm32cubeide_1.12.1_3/plugins/com.st.stm32cube.ide.mcu.externaltools.gnu-tools-for-stm32.10.3-2021.10.linux64_1.0.200.202301161003/tools/bin/../lib/gcc/arm-none-eabi/10.3.1/../../../../arm-none-eabi/lib/thumb/v7e-m+fp/hard/libm.a
END GROUP
START GROUP
LOAD /home/nir/st/stm32cubeide_1.12.1_3/plugins/com.st.stm32cube.ide.mcu.externaltools.gnu-tools-for-stm32.10.3-2021.10.linux64_1.0.200.202301161003/tools/bin/../lib/gcc/arm-none-eabi/10.3.1/thumb/v7e-m+fp/hard/libgcc.a
LOAD /home/nir/st/stm32cubeide_1.12.1_3/plugins/com.st.stm32cube.ide.mcu.externaltools.gnu-tools-for-stm32.10.3-2021.10.linux64_1.0.200.202301161003/tools/bin/../lib/gcc/arm-none-eabi/10.3.1/../../../../arm-none-eabi/lib/thumb/v7e-m+fp/hard/libc_nano.a
END GROUP
START GROUP
LOAD /home/nir/st/stm32cubeide_1.12.1_3/plugins/com.st.stm32cube.ide.mcu.externaltools.gnu-tools-for-stm32.10.3-2021.10.linux64_1.0.200.202301161003/tools/bin/../lib/gcc/arm-none-eabi/10.3.1/thumb/v7e-m+fp/hard/libgcc.a
LOAD /home/nir/st/stm32cubeide_1.12.1_3/plugins/com.st.stm32cube.ide.mcu.externaltools.gnu-tools-for-stm32.10.3-2021.10.linux64_1.0.200.202301161003/tools/bin/../lib/gcc/arm-none-eabi/10.3.1/../../../../arm-none-eabi/lib/thumb/v7e-m+fp/hard/libc_nano.a
LOAD /home/nir/st/stm32cubeide_1.12.1_3/plugins/com.st.stm32cube.ide.mcu.externaltools.gnu-tools-for-stm32.10.3-2021.10.linux64_1.0.200.202301161003/tools/bin/../lib/gcc/arm-none-eabi/10.3.1/../../../../arm-none-eabi/lib/thumb/v7e-m+fp/hard/libnosys.a
END GROUP
START GROUP
LOAD /home/nir/st/stm32cubeide_1.12.1_3/plugins/com.st.stm32cube.ide.mcu.externaltools.gnu-tools-for-stm32.10.3-2021.10.linux64_1.0.200.202301161003/tools/bin/../lib/gcc/arm-none-eabi/10.3.1/thumb/v7e-m+fp/hard/libgcc.a
LOAD /home/nir/st/stm32cubeide_1.12.1_3/plugins/com.st.stm32cube.ide.mcu.externaltools.gnu-tools-for-stm32.10.3-2021.10.linux64_1.0.200.202301161003/tools/bin/../lib/gcc/arm-none-eabi/10.3.1/../../../../arm-none-eabi/lib/thumb/v7e-m+fp/hard/libc_nano.a
LOAD /home/nir/st/stm32cubeide_1.12.1_3/plugins/com.st.stm32cube.ide.mcu.externaltools.gnu-tools-for-stm32.10.3-2021.10.linux64_1.0.200.202301161003/tools/bin/../lib/gcc/arm-none-eabi/10.3.1/../../../../arm-none-eabi/lib/thumb/v7e-m+fp/hard/libnosys.a
END GROUP
LOAD /home/nir/st/stm32cubeide_1.12.1_3/plugins/com.st.stm32cube.ide.mcu.externaltools.gnu-tools-for-stm32.10.3-2021.10.linux64_1.0.200.202301161003/tools/bin/../lib/gcc/arm-none-eabi/10.3.1/thumb/v7e-m+fp/hard/crtend.o
LOAD /home/nir/st/stm32cubeide_1.12.1_3/plugins/com.st.stm32cube.ide.mcu.externaltools.gnu-tools-for-stm32.10.3-2021.10.linux64_1.0.200.202301161003/tools/bin/../lib/gcc/arm-none-eabi/10.3.1/thumb/v7e-m+fp/hard/crtn.o
                0x0000000020020000                _estack = (ORIGIN (RAM) + LENGTH (RAM))
                0x0000000000000200                _Min_Heap_Size = 0x200
                0x0000000000000400                _Min_Stack_Size = 0x400

.isr_vector     0x0000000008000000      0x1d8
                0x0000000008000000                . = ALIGN (0x4)
 *(.isr_vector)
 .isr_vector    0x0000000008000000      0x1d8 ./Core/Startup/startup_stm32g474rbtx.o
                0x0000000008000000                g_pfnVectors
                0x00000000080001d8                . = ALIGN (0x4)

.text           0x00000000080001d8     0x8930
                0x00000000080001d8                . = ALIGN (0x4)
 *(.text)
 .text          0x00000000080001d8       0x40 /home/nir/st/stm32cubeide_1.12.1_3/plugins/com.st.stm32cube.ide.mcu.externaltools.gnu-tools-for-stm32.10.3-2021.10.linux64_1.0.200.202301161003/tools/bin/../lib/gcc/arm-none-eabi/10.3.1/thumb/v7e-m+fp/hard/crtbegin.o
 .text          0x0000000008000218      0x378 /home/nir/st/stm32cubeide_1.12.1_3/plugins/com.st.stm32cube.ide.mcu.externaltools.gnu-tools-for-stm32.10.3-2021.10.linux64_1.0.200.202301161003/tools/bin/../lib/gcc/arm-none-eabi/10.3.1/thumb/v7e-m+fp/hard/libgcc.a(_arm_addsubdf3.o)
                0x0000000008000218                __aeabi_drsub
                0x0000000008000220                __aeabi_dsub
                0x0000000008000220                __subdf3
                0x0000000008000224                __adddf3
                0x0000000008000224                __aeabi_dadd
                0x000000000800049c                __aeabi_ui2d
                0x000000000800049c                __floatunsidf
                0x00000000080004bc                __floatsidf
                0x00000000080004bc                __aeabi_i2d
                0x00000000080004e0                __extendsfdf2
                0x00000000080004e0                __aeabi_f2d
                0x0000000008000524                __aeabi_ul2d
                0x0000000008000524                __floatundidf
                0x0000000008000534                __floatdidf
                0x0000000008000534                __aeabi_l2d
 .text          0x0000000008000590      0x424 /home/nir/st/stm32cubeide_1.12.1_3/plugins/com.st.stm32cube.ide.mcu.externaltools.gnu-tools-for-stm32.10.3-2021.10.linux64_1.0.200.202301161003/tools/bin/../lib/gcc/arm-none-eabi/10.3.1/thumb/v7e-m+fp/hard/libgcc.a(_arm_muldivdf3.o)
                0x0000000008000590                __aeabi_dmul
                0x0000000008000590                __muldf3
                0x00000000080007e4                __aeabi_ddiv
                0x00000000080007e4                __divdf3
 .text          0x00000000080009b4      0x110 /home/nir/st/stm32cubeide_1.12.1_3/plugins/com.st.stm32cube.ide.mcu.externaltools.gnu-tools-for-stm32.10.3-2021.10.linux64_1.0.200.202301161003/tools/bin/../lib/gcc/arm-none-eabi/10.3.1/thumb/v7e-m+fp/hard/libgcc.a(_arm_cmpdf2.o)
                0x00000000080009b4                __gtdf2
                0x00000000080009b4                __gedf2
                0x00000000080009bc                __ltdf2
                0x00000000080009bc                __ledf2
                0x00000000080009c4                __cmpdf2
                0x00000000080009c4                __eqdf2
                0x00000000080009c4                __nedf2
                0x0000000008000a40                __aeabi_cdrcmple
                0x0000000008000a50                __aeabi_cdcmple
                0x0000000008000a50                __aeabi_cdcmpeq
                0x0000000008000a60                __aeabi_dcmpeq
                0x0000000008000a74                __aeabi_dcmplt
                0x0000000008000a88                __aeabi_dcmple
                0x0000000008000a9c                __aeabi_dcmpge
                0x0000000008000ab0                __aeabi_dcmpgt
 .text          0x0000000008000ac4       0x40 /home/nir/st/stm32cubeide_1.12.1_3/plugins/com.st.stm32cube.ide.mcu.externaltools.gnu-tools-for-stm32.10.3-2021.10.linux64_1.0.200.202301161003/tools/bin/../lib/gcc/arm-none-eabi/10.3.1/thumb/v7e-m+fp/hard/libgcc.a(_arm_fixunsdfsi.o)
                0x0000000008000ac4                __fixunsdfsi
                0x0000000008000ac4                __aeabi_d2uiz
 .text          0x0000000008000b04       0xa0 /home/nir/st/stm32cubeide_1.12.1_3/plugins/com.st.stm32cube.ide.mcu.externaltools.gnu-tools-for-stm32.10.3-2021.10.linux64_1.0.200.202301161003/tools/bin/../lib/gcc/arm-none-eabi/10.3.1/thumb/v7e-m+fp/hard/libgcc.a(_arm_truncdfsf2.o)
                0x0000000008000b04                __aeabi_d2f
                0x0000000008000b04                __truncdfsf2
 *(.text*)
 .text.MX_ADC1_Init
                0x0000000008000ba4       0xf0 ./Core/Src/adc.o
                0x0000000008000ba4                MX_ADC1_Init
 .text.MX_ADC3_Init
                0x0000000008000c94       0xf0 ./Core/Src/adc.o
                0x0000000008000c94                MX_ADC3_Init
 .text.MX_ADC4_Init
                0x0000000008000d84       0xec ./Core/Src/adc.o
                0x0000000008000d84                MX_ADC4_Init
 .text.HAL_ADC_MspInit
                0x0000000008000e70      0x224 ./Core/Src/adc.o
                0x0000000008000e70                HAL_ADC_MspInit
 .text.calibration
                0x0000000008001094      0x270 ./Core/Src/calibration.o
                0x0000000008001094                calibration
 .text.control_init
                0x0000000008001304       0xd8 ./Core/Src/control.o
                0x0000000008001304                control_init
 .text.compute_impedance
                0x00000000080013dc       0xc2 ./Core/Src/control.o
                0x00000000080013dc                compute_impedance
 .text.set_desired_position
                0x000000000800149e       0x1c ./Core/Src/control.o
                0x000000000800149e                set_desired_position
 .text.set_current_position
                0x00000000080014ba       0x1c ./Core/Src/control.o
                0x00000000080014ba                set_current_position
 *fill*         0x00000000080014d6        0x2 
 .text.set_motor_speed
                0x00000000080014d8      0x268 ./Core/Src/control.o
                0x00000000080014d8                set_motor_speed
 .text.mapfloat
                0x0000000008001740       0x5c ./Core/Src/control.o
                0x0000000008001740                mapfloat
 *fill*         0x000000000800179c        0x4 
 .text.impedance_step
                0x00000000080017a0      0x364 ./Core/Src/control.o
                0x00000000080017a0                impedance_step
 .text.MX_DMA_Init
                0x0000000008001b04       0x54 ./Core/Src/dma.o
                0x0000000008001b04                MX_DMA_Init
 .text.encoder_init
                0x0000000008001b58       0x32 ./Core/Src/encoder.o
                0x0000000008001b58                encoder_init
 .text.get_absolute_position
                0x0000000008001b8a       0x54 ./Core/Src/encoder.o
                0x0000000008001b8a                get_absolute_position
 *fill*         0x0000000008001bde        0x2 
 .text.MX_FDCAN2_Init
                0x0000000008001be0       0x90 ./Core/Src/fdcan.o
                0x0000000008001be0                MX_FDCAN2_Init
 .text.HAL_FDCAN_MspInit
                0x0000000008001c70       0xc4 ./Core/Src/fdcan.o
                0x0000000008001c70                HAL_FDCAN_MspInit
 .text.fdcan_init
                0x0000000008001d34       0x6c ./Core/Src/fdcan.o
                0x0000000008001d34                fdcan_init
 .text.fdcan_process_rx_message
                0x0000000008001da0       0x50 ./Core/Src/fdcan.o
                0x0000000008001da0                fdcan_process_rx_message
 .text.fdcan_transmit_tx_message
                0x0000000008001df0       0x74 ./Core/Src/fdcan.o
                0x0000000008001df0                fdcan_transmit_tx_message
 *fill*         0x0000000008001e64        0x4 
 .text.init_fsm
                0x0000000008001e68      0x298 ./Core/Src/fsm.o
                0x0000000008001e68                init_fsm
 .text.run_fsm  0x0000000008002100       0xc0 ./Core/Src/fsm.o
                0x0000000008002100                run_fsm
 .text.fsm_enter_state
                0x00000000080021c0       0x44 ./Core/Src/fsm.o
                0x00000000080021c0                fsm_enter_state
 .text.fsm_exit_state
                0x0000000008002204       0x84 ./Core/Src/fsm.o
                0x0000000008002204                fsm_exit_state
 .text.update_fsm
                0x0000000008002288       0xe4 ./Core/Src/fsm.o
                0x0000000008002288                update_fsm
 .text.controller_faults
                0x000000000800236c       0x34 ./Core/Src/fsm.o
                0x000000000800236c                controller_faults
 .text.watchdog
                0x00000000080023a0       0xbc ./Core/Src/fsm.o
                0x00000000080023a0                watchdog
 .text.Errors_Handler
                0x000000000800245c       0x88 ./Core/Src/fsm.o
                0x000000000800245c                Errors_Handler
 .text.MX_GPIO_Init
                0x00000000080024e4      0x138 ./Core/Src/gpio.o
                0x00000000080024e4                MX_GPIO_Init
 .text.main     0x000000000800261c       0x42 ./Core/Src/main.o
                0x000000000800261c                main
 .text.SystemClock_Config
                0x000000000800265e       0x98 ./Core/Src/main.o
                0x000000000800265e                SystemClock_Config
 .text.Error_Handler
                0x00000000080026f6        0xa ./Core/Src/main.o
                0x00000000080026f6                Error_Handler
 .text.MAX22200_init
                0x0000000008002700      0x1b8 ./Core/Src/max22200_driver.o
                0x0000000008002700                MAX22200_init
 .text.MAX22200_init_statreg
                0x00000000080028b8       0x58 ./Core/Src/max22200_driver.o
                0x00000000080028b8                MAX22200_init_statreg
 .text.MAX22200_write_register
                0x0000000008002910       0xd0 ./Core/Src/max22200_driver.o
                0x0000000008002910                MAX22200_write_register
 .text.MAX22200_read_register
                0x00000000080029e0       0xe0 ./Core/Src/max22200_driver.o
                0x00000000080029e0                MAX22200_read_register
 .text.buildStatusRegister
                0x0000000008002ac0      0x198 ./Core/Src/max22200_driver.o
                0x0000000008002ac0                buildStatusRegister
 .text.MAX22000_init_cfg_reg
                0x0000000008002c58       0x2c ./Core/Src/motor.o
                0x0000000008002c58                MAX22000_init_cfg_reg
 .text.Motor_init
                0x0000000008002c84       0x68 ./Core/Src/motor.o
                0x0000000008002c84                Motor_init
 .text.Motor_writeCfgRegister
                0x0000000008002cec      0x12c ./Core/Src/motor.o
                0x0000000008002cec                Motor_writeCfgRegister
 .text.Motor_setDirection
                0x0000000008002e18       0xb8 ./Core/Src/motor.o
                0x0000000008002e18                Motor_setDirection
 .text.Set_HOLD
                0x0000000008002ed0       0x34 ./Core/Src/motor.o
                0x0000000008002ed0                Set_HOLD
 .text.Set_HIT  0x0000000008002f04       0x34 ./Core/Src/motor.o
                0x0000000008002f04                Set_HIT
 .text.Set_VDRnCDR
                0x0000000008002f38       0x32 ./Core/Src/motor.o
                0x0000000008002f38                Set_VDRnCDR
 *fill*         0x0000000008002f6a        0x2 
 .text.MX_SPI3_Init
                0x0000000008002f6c       0x7c ./Core/Src/spi.o
                0x0000000008002f6c                MX_SPI3_Init
 .text.HAL_SPI_MspInit
                0x0000000008002fe8       0x88 ./Core/Src/spi.o
                0x0000000008002fe8                HAL_SPI_MspInit
 .text.HAL_MspInit
                0x0000000008003070       0x48 ./Core/Src/stm32g4xx_hal_msp.o
                0x0000000008003070                HAL_MspInit
 .text.NMI_Handler
                0x00000000080030b8        0x6 ./Core/Src/stm32g4xx_it.o
                0x00000000080030b8                NMI_Handler
 *fill*         0x00000000080030be        0x2 
 .text.HardFault_Handler
                0x00000000080030c0       0x64 ./Core/Src/stm32g4xx_it.o
                0x00000000080030c0                HardFault_Handler
 .text.MemManage_Handler
                0x0000000008003124        0x6 ./Core/Src/stm32g4xx_it.o
                0x0000000008003124                MemManage_Handler
 .text.BusFault_Handler
                0x000000000800312a        0x6 ./Core/Src/stm32g4xx_it.o
                0x000000000800312a                BusFault_Handler
 .text.UsageFault_Handler
                0x0000000008003130        0x6 ./Core/Src/stm32g4xx_it.o
                0x0000000008003130                UsageFault_Handler
 .text.SVC_Handler
                0x0000000008003136        0xe ./Core/Src/stm32g4xx_it.o
                0x0000000008003136                SVC_Handler
 .text.DebugMon_Handler
                0x0000000008003144        0xe ./Core/Src/stm32g4xx_it.o
                0x0000000008003144                DebugMon_Handler
 .text.PendSV_Handler
                0x0000000008003152        0xe ./Core/Src/stm32g4xx_it.o
                0x0000000008003152                PendSV_Handler
 .text.SysTick_Handler
                0x0000000008003160        0xc ./Core/Src/stm32g4xx_it.o
                0x0000000008003160                SysTick_Handler
 .text.DMA1_Channel1_IRQHandler
                0x000000000800316c       0x14 ./Core/Src/stm32g4xx_it.o
                0x000000000800316c                DMA1_Channel1_IRQHandler
 .text.TIM1_CC_IRQHandler
                0x0000000008003180       0x3c ./Core/Src/stm32g4xx_it.o
                0x0000000008003180                TIM1_CC_IRQHandler
 .text.TIM2_IRQHandler
                0x00000000080031bc       0x3c ./Core/Src/stm32g4xx_it.o
                0x00000000080031bc                TIM2_IRQHandler
 .text.TIM3_IRQHandler
                0x00000000080031f8       0x3c ./Core/Src/stm32g4xx_it.o
                0x00000000080031f8                TIM3_IRQHandler
 .text.TIM5_IRQHandler
                0x0000000008003234       0x14 ./Core/Src/stm32g4xx_it.o
                0x0000000008003234                TIM5_IRQHandler
 .text.TIM6_DAC_IRQHandler
                0x0000000008003248       0x48 ./Core/Src/stm32g4xx_it.o
                0x0000000008003248                TIM6_DAC_IRQHandler
 .text.FDCAN2_IT0_IRQHandler
                0x0000000008003290       0x50 ./Core/Src/stm32g4xx_it.o
                0x0000000008003290                FDCAN2_IT0_IRQHandler
 .text.SystemInit
                0x00000000080032e0       0x24 ./Core/Src/system_stm32g4xx.o
                0x00000000080032e0                SystemInit
 .text.MX_TIM1_Init
                0x0000000008003304       0xb4 ./Core/Src/tim.o
                0x0000000008003304                MX_TIM1_Init
 .text.MX_TIM2_Init
                0x00000000080033b8       0xa8 ./Core/Src/tim.o
                0x00000000080033b8                MX_TIM2_Init
 .text.MX_TIM3_Init
                0x0000000008003460       0xac ./Core/Src/tim.o
                0x0000000008003460                MX_TIM3_Init
 .text.MX_TIM5_Init
                0x000000000800350c       0x9c ./Core/Src/tim.o
                0x000000000800350c                MX_TIM5_Init
 .text.MX_TIM6_Init
                0x00000000080035a8       0x6c ./Core/Src/tim.o
                0x00000000080035a8                MX_TIM6_Init
 .text.HAL_TIM_Encoder_MspInit
                0x0000000008003614      0x174 ./Core/Src/tim.o
                0x0000000008003614                HAL_TIM_Encoder_MspInit
 .text.HAL_TIM_Base_MspInit
                0x0000000008003788       0x84 ./Core/Src/tim.o
                0x0000000008003788                HAL_TIM_Base_MspInit
 .text.Reset_Handler
                0x000000000800380c       0x50 ./Core/Startup/startup_stm32g474rbtx.o
                0x000000000800380c                Reset_Handler
 .text.Default_Handler
                0x000000000800385c        0x2 ./Core/Startup/startup_stm32g474rbtx.o
                0x000000000800385c                RTC_Alarm_IRQHandler
                0x000000000800385c                EXTI2_IRQHandler
                0x000000000800385c                TIM8_TRG_COM_IRQHandler
                0x000000000800385c                TIM8_CC_IRQHandler
                0x000000000800385c                HRTIM1_Master_IRQHandler
                0x000000000800385c                SPI4_IRQHandler
                0x000000000800385c                FDCAN3_IT0_IRQHandler
                0x000000000800385c                HRTIM1_FLT_IRQHandler
                0x000000000800385c                HRTIM1_TIMF_IRQHandler
                0x000000000800385c                USB_HP_IRQHandler
                0x000000000800385c                CORDIC_IRQHandler
                0x000000000800385c                HRTIM1_TIMD_IRQHandler
                0x000000000800385c                DMA2_Channel8_IRQHandler
                0x000000000800385c                EXTI3_IRQHandler
                0x000000000800385c                I2C3_ER_IRQHandler
                0x000000000800385c                EXTI0_IRQHandler
                0x000000000800385c                I2C2_EV_IRQHandler
                0x000000000800385c                FPU_IRQHandler
                0x000000000800385c                FDCAN1_IT1_IRQHandler
                0x000000000800385c                TIM1_UP_TIM16_IRQHandler
                0x000000000800385c                ADC1_2_IRQHandler
                0x000000000800385c                HRTIM1_TIME_IRQHandler
                0x000000000800385c                SPI1_IRQHandler
                0x000000000800385c                HRTIM1_TIMC_IRQHandler
                0x000000000800385c                TIM8_UP_IRQHandler
                0x000000000800385c                DMA2_Channel2_IRQHandler
                0x000000000800385c                DMA1_Channel4_IRQHandler
                0x000000000800385c                TIM20_TRG_COM_IRQHandler
                0x000000000800385c                USART3_IRQHandler
                0x000000000800385c                DMA1_Channel7_IRQHandler
                0x000000000800385c                UART5_IRQHandler
                0x000000000800385c                ADC3_IRQHandler
                0x000000000800385c                TIM4_IRQHandler
                0x000000000800385c                DMA2_Channel1_IRQHandler
                0x000000000800385c                QUADSPI_IRQHandler
                0x000000000800385c                I2C1_EV_IRQHandler
                0x000000000800385c                DMA1_Channel6_IRQHandler
                0x000000000800385c                UART4_IRQHandler
                0x000000000800385c                DMA2_Channel4_IRQHandler
                0x000000000800385c                RCC_IRQHandler
                0x000000000800385c                TIM20_UP_IRQHandler
                0x000000000800385c                Default_Handler
                0x000000000800385c                DMA2_Channel7_IRQHandler
                0x000000000800385c                RTC_TAMP_LSECSS_IRQHandler
                0x000000000800385c                FMAC_IRQHandler
                0x000000000800385c                EXTI15_10_IRQHandler
                0x000000000800385c                DMA1_Channel8_IRQHandler
                0x000000000800385c                HRTIM1_TIMA_IRQHandler
                0x000000000800385c                TIM7_DAC_IRQHandler
                0x000000000800385c                FDCAN3_IT1_IRQHandler
                0x000000000800385c                UCPD1_IRQHandler
                0x000000000800385c                I2C3_EV_IRQHandler
                0x000000000800385c                EXTI9_5_IRQHandler
                0x000000000800385c                RTC_WKUP_IRQHandler
                0x000000000800385c                PVD_PVM_IRQHandler
                0x000000000800385c                SPI2_IRQHandler
                0x000000000800385c                ADC5_IRQHandler
                0x000000000800385c                DMA2_Channel5_IRQHandler
                0x000000000800385c                CRS_IRQHandler
                0x000000000800385c                DMA1_Channel5_IRQHandler
                0x000000000800385c                USB_LP_IRQHandler
                0x000000000800385c                EXTI4_IRQHandler
                0x000000000800385c                RNG_IRQHandler
                0x000000000800385c                HRTIM1_TIMB_IRQHandler
                0x000000000800385c                TIM1_TRG_COM_TIM17_IRQHandler
                0x000000000800385c                FDCAN2_IT1_IRQHandler
                0x000000000800385c                DMA1_Channel3_IRQHandler
                0x000000000800385c                ADC4_IRQHandler
                0x000000000800385c                WWDG_IRQHandler
                0x000000000800385c                I2C4_EV_IRQHandler
                0x000000000800385c                LPUART1_IRQHandler
                0x000000000800385c                DMA2_Channel6_IRQHandler
                0x000000000800385c                FDCAN1_IT0_IRQHandler
                0x000000000800385c                COMP7_IRQHandler
                0x000000000800385c                COMP1_2_3_IRQHandler
                0x000000000800385c                EXTI1_IRQHandler
                0x000000000800385c                USART2_IRQHandler
                0x000000000800385c                COMP4_5_6_IRQHandler
                0x000000000800385c                TIM20_BRK_IRQHandler
                0x000000000800385c                I2C2_ER_IRQHandler
                0x000000000800385c                DMA1_Channel2_IRQHandler
                0x000000000800385c                TIM8_BRK_IRQHandler
                0x000000000800385c                FLASH_IRQHandler
                0x000000000800385c                TIM20_CC_IRQHandler
                0x000000000800385c                USART1_IRQHandler
                0x000000000800385c                SPI3_IRQHandler
                0x000000000800385c                I2C1_ER_IRQHandler
                0x000000000800385c                FMC_IRQHandler
                0x000000000800385c                LPTIM1_IRQHandler
                0x000000000800385c                DMAMUX_OVR_IRQHandler
                0x000000000800385c                I2C4_ER_IRQHandler
                0x000000000800385c                USBWakeUp_IRQHandler
                0x000000000800385c                SAI1_IRQHandler
                0x000000000800385c                DMA2_Channel3_IRQHandler
                0x000000000800385c                TIM1_BRK_TIM15_IRQHandler
 .text.HAL_Init
                0x000000000800385e       0x30 ./Drivers/STM32G4xx_HAL_Driver/Src/stm32g4xx_hal.o
                0x000000000800385e                HAL_Init
 *fill*         0x000000000800388e        0x2 
 .text.HAL_InitTick
                0x0000000008003890       0x74 ./Drivers/STM32G4xx_HAL_Driver/Src/stm32g4xx_hal.o
                0x0000000008003890                HAL_InitTick
 .text.HAL_IncTick
                0x0000000008003904       0x24 ./Drivers/STM32G4xx_HAL_Driver/Src/stm32g4xx_hal.o
                0x0000000008003904                HAL_IncTick
 .text.HAL_GetTick
                0x0000000008003928       0x18 ./Drivers/STM32G4xx_HAL_Driver/Src/stm32g4xx_hal.o
                0x0000000008003928                HAL_GetTick
 .text.HAL_Delay
                0x0000000008003940       0x44 ./Drivers/STM32G4xx_HAL_Driver/Src/stm32g4xx_hal.o
                0x0000000008003940                HAL_Delay
 .text.LL_ADC_SetCommonClock
                0x0000000008003984       0x26 ./Drivers/STM32G4xx_HAL_Driver/Src/stm32g4xx_hal_adc.o
 .text.LL_ADC_SetCommonPathInternalCh
                0x00000000080039aa       0x26 ./Drivers/STM32G4xx_HAL_Driver/Src/stm32g4xx_hal_adc.o
 .text.LL_ADC_GetCommonPathInternalCh
                0x00000000080039d0       0x1c ./Drivers/STM32G4xx_HAL_Driver/Src/stm32g4xx_hal_adc.o
 .text.LL_ADC_SetOffset
                0x00000000080039ec       0x48 ./Drivers/STM32G4xx_HAL_Driver/Src/stm32g4xx_hal_adc.o
 .text.LL_ADC_GetOffsetChannel
                0x0000000008003a34       0x2c ./Drivers/STM32G4xx_HAL_Driver/Src/stm32g4xx_hal_adc.o
 .text.LL_ADC_SetOffsetState
                0x0000000008003a60       0x36 ./Drivers/STM32G4xx_HAL_Driver/Src/stm32g4xx_hal_adc.o
 .text.LL_ADC_SetOffsetSign
                0x0000000008003a96       0x36 ./Drivers/STM32G4xx_HAL_Driver/Src/stm32g4xx_hal_adc.o
 .text.LL_ADC_SetOffsetSaturation
                0x0000000008003acc       0x36 ./Drivers/STM32G4xx_HAL_Driver/Src/stm32g4xx_hal_adc.o
 .text.LL_ADC_SetSamplingTimeCommonConfig
                0x0000000008003b02       0x26 ./Drivers/STM32G4xx_HAL_Driver/Src/stm32g4xx_hal_adc.o
 .text.LL_ADC_REG_SetSequencerRanks
                0x0000000008003b28       0x58 ./Drivers/STM32G4xx_HAL_Driver/Src/stm32g4xx_hal_adc.o
 .text.LL_ADC_SetChannelSamplingTime
                0x0000000008003b80       0x56 ./Drivers/STM32G4xx_HAL_Driver/Src/stm32g4xx_hal_adc.o
 *fill*         0x0000000008003bd6        0x2 
 .text.LL_ADC_SetChannelSingleDiff
                0x0000000008003bd8       0x50 ./Drivers/STM32G4xx_HAL_Driver/Src/stm32g4xx_hal_adc.o
 .text.LL_ADC_DisableDeepPowerDown
                0x0000000008003c28       0x24 ./Drivers/STM32G4xx_HAL_Driver/Src/stm32g4xx_hal_adc.o
 .text.LL_ADC_IsDeepPowerDownEnabled
                0x0000000008003c4c       0x28 ./Drivers/STM32G4xx_HAL_Driver/Src/stm32g4xx_hal_adc.o
 .text.LL_ADC_EnableInternalRegulator
                0x0000000008003c74       0x28 ./Drivers/STM32G4xx_HAL_Driver/Src/stm32g4xx_hal_adc.o
 .text.LL_ADC_IsInternalRegulatorEnabled
                0x0000000008003c9c       0x28 ./Drivers/STM32G4xx_HAL_Driver/Src/stm32g4xx_hal_adc.o
 .text.LL_ADC_IsEnabled
                0x0000000008003cc4       0x26 ./Drivers/STM32G4xx_HAL_Driver/Src/stm32g4xx_hal_adc.o
 .text.LL_ADC_REG_IsConversionOngoing
                0x0000000008003cea       0x26 ./Drivers/STM32G4xx_HAL_Driver/Src/stm32g4xx_hal_adc.o
 .text.LL_ADC_INJ_IsConversionOngoing
                0x0000000008003d10       0x26 ./Drivers/STM32G4xx_HAL_Driver/Src/stm32g4xx_hal_adc.o
 *fill*         0x0000000008003d36        0x2 
 .text.HAL_ADC_Init
                0x0000000008003d38      0x384 ./Drivers/STM32G4xx_HAL_Driver/Src/stm32g4xx_hal_adc.o
                0x0000000008003d38                HAL_ADC_Init
 .text.HAL_ADC_ConfigChannel
                0x00000000080040bc      0x880 ./Drivers/STM32G4xx_HAL_Driver/Src/stm32g4xx_hal_adc.o
                0x00000000080040bc                HAL_ADC_ConfigChannel
 .text.LL_ADC_IsEnabled
                0x000000000800493c       0x26 ./Drivers/STM32G4xx_HAL_Driver/Src/stm32g4xx_hal_adc_ex.o
 .text.LL_ADC_REG_IsConversionOngoing
                0x0000000008004962       0x26 ./Drivers/STM32G4xx_HAL_Driver/Src/stm32g4xx_hal_adc_ex.o
 .text.HAL_ADCEx_MultiModeConfigChannel
                0x0000000008004988      0x210 ./Drivers/STM32G4xx_HAL_Driver/Src/stm32g4xx_hal_adc_ex.o
                0x0000000008004988                HAL_ADCEx_MultiModeConfigChannel
 .text.__NVIC_SetPriorityGrouping
                0x0000000008004b98       0x48 ./Drivers/STM32G4xx_HAL_Driver/Src/stm32g4xx_hal_cortex.o
 .text.__NVIC_GetPriorityGrouping
                0x0000000008004be0       0x1c ./Drivers/STM32G4xx_HAL_Driver/Src/stm32g4xx_hal_cortex.o
 .text.__NVIC_EnableIRQ
                0x0000000008004bfc       0x3c ./Drivers/STM32G4xx_HAL_Driver/Src/stm32g4xx_hal_cortex.o
 .text.__NVIC_SetPriority
                0x0000000008004c38       0x54 ./Drivers/STM32G4xx_HAL_Driver/Src/stm32g4xx_hal_cortex.o
 .text.NVIC_EncodePriority
                0x0000000008004c8c       0x66 ./Drivers/STM32G4xx_HAL_Driver/Src/stm32g4xx_hal_cortex.o
 *fill*         0x0000000008004cf2        0x2 
 .text.__NVIC_SystemReset
                0x0000000008004cf4       0x2c ./Drivers/STM32G4xx_HAL_Driver/Src/stm32g4xx_hal_cortex.o
 .text.SysTick_Config
                0x0000000008004d20       0x44 ./Drivers/STM32G4xx_HAL_Driver/Src/stm32g4xx_hal_cortex.o
 .text.HAL_NVIC_SetPriorityGrouping
                0x0000000008004d64       0x16 ./Drivers/STM32G4xx_HAL_Driver/Src/stm32g4xx_hal_cortex.o
                0x0000000008004d64                HAL_NVIC_SetPriorityGrouping
 .text.HAL_NVIC_SetPriority
                0x0000000008004d7a       0x34 ./Drivers/STM32G4xx_HAL_Driver/Src/stm32g4xx_hal_cortex.o
                0x0000000008004d7a                HAL_NVIC_SetPriority
 .text.HAL_NVIC_EnableIRQ
                0x0000000008004dae       0x1c ./Drivers/STM32G4xx_HAL_Driver/Src/stm32g4xx_hal_cortex.o
                0x0000000008004dae                HAL_NVIC_EnableIRQ
 .text.HAL_NVIC_SystemReset
                0x0000000008004dca        0x8 ./Drivers/STM32G4xx_HAL_Driver/Src/stm32g4xx_hal_cortex.o
                0x0000000008004dca                HAL_NVIC_SystemReset
 .text.HAL_SYSTICK_Config
                0x0000000008004dd2       0x18 ./Drivers/STM32G4xx_HAL_Driver/Src/stm32g4xx_hal_cortex.o
                0x0000000008004dd2                HAL_SYSTICK_Config
 *fill*         0x0000000008004dea        0x2 
 .text.HAL_DMA_Init
                0x0000000008004dec      0x150 ./Drivers/STM32G4xx_HAL_Driver/Src/stm32g4xx_hal_dma.o
                0x0000000008004dec                HAL_DMA_Init
 .text.HAL_DMA_IRQHandler
                0x0000000008004f3c      0x15e ./Drivers/STM32G4xx_HAL_Driver/Src/stm32g4xx_hal_dma.o
                0x0000000008004f3c                HAL_DMA_IRQHandler
 *fill*         0x000000000800509a        0x2 
 .text.DMA_CalcDMAMUXChannelBaseAndMask
                0x000000000800509c       0x7c ./Drivers/STM32G4xx_HAL_Driver/Src/stm32g4xx_hal_dma.o
 .text.DMA_CalcDMAMUXRequestGenBaseAndMask
                0x0000000008005118       0x48 ./Drivers/STM32G4xx_HAL_Driver/Src/stm32g4xx_hal_dma.o
 .text.HAL_FDCAN_Init
                0x0000000008005160      0x2b4 ./Drivers/STM32G4xx_HAL_Driver/Src/stm32g4xx_hal_fdcan.o
                0x0000000008005160                HAL_FDCAN_Init
 .text.HAL_FDCAN_Start
                0x0000000008005414       0x50 ./Drivers/STM32G4xx_HAL_Driver/Src/stm32g4xx_hal_fdcan.o
                0x0000000008005414                HAL_FDCAN_Start
 .text.HAL_FDCAN_AddMessageToTxFifoQ
                0x0000000008005464       0x88 ./Drivers/STM32G4xx_HAL_Driver/Src/stm32g4xx_hal_fdcan.o
                0x0000000008005464                HAL_FDCAN_AddMessageToTxFifoQ
 .text.HAL_FDCAN_GetRxMessage
                0x00000000080054ec      0x1b4 ./Drivers/STM32G4xx_HAL_Driver/Src/stm32g4xx_hal_fdcan.o
                0x00000000080054ec                HAL_FDCAN_GetRxMessage
 .text.HAL_FDCAN_ActivateNotification
                0x00000000080056a0      0x1cc ./Drivers/STM32G4xx_HAL_Driver/Src/stm32g4xx_hal_fdcan.o
                0x00000000080056a0                HAL_FDCAN_ActivateNotification
 .text.HAL_FDCAN_IRQHandler
                0x000000000800586c      0x272 ./Drivers/STM32G4xx_HAL_Driver/Src/stm32g4xx_hal_fdcan.o
                0x000000000800586c                HAL_FDCAN_IRQHandler
 .text.HAL_FDCAN_TxEventFifoCallback
                0x0000000008005ade       0x16 ./Drivers/STM32G4xx_HAL_Driver/Src/stm32g4xx_hal_fdcan.o
                0x0000000008005ade                HAL_FDCAN_TxEventFifoCallback
 .text.HAL_FDCAN_RxFifo0Callback
                0x0000000008005af4       0x16 ./Drivers/STM32G4xx_HAL_Driver/Src/stm32g4xx_hal_fdcan.o
                0x0000000008005af4                HAL_FDCAN_RxFifo0Callback
 .text.HAL_FDCAN_RxFifo1Callback
                0x0000000008005b0a       0x16 ./Drivers/STM32G4xx_HAL_Driver/Src/stm32g4xx_hal_fdcan.o
                0x0000000008005b0a                HAL_FDCAN_RxFifo1Callback
 .text.HAL_FDCAN_TxFifoEmptyCallback
                0x0000000008005b20       0x14 ./Drivers/STM32G4xx_HAL_Driver/Src/stm32g4xx_hal_fdcan.o
                0x0000000008005b20                HAL_FDCAN_TxFifoEmptyCallback
 .text.HAL_FDCAN_TxBufferCompleteCallback
                0x0000000008005b34       0x16 ./Drivers/STM32G4xx_HAL_Driver/Src/stm32g4xx_hal_fdcan.o
                0x0000000008005b34                HAL_FDCAN_TxBufferCompleteCallback
 .text.HAL_FDCAN_TxBufferAbortCallback
                0x0000000008005b4a       0x16 ./Drivers/STM32G4xx_HAL_Driver/Src/stm32g4xx_hal_fdcan.o
                0x0000000008005b4a                HAL_FDCAN_TxBufferAbortCallback
 .text.HAL_FDCAN_TimestampWraparoundCallback
                0x0000000008005b60       0x14 ./Drivers/STM32G4xx_HAL_Driver/Src/stm32g4xx_hal_fdcan.o
                0x0000000008005b60                HAL_FDCAN_TimestampWraparoundCallback
 .text.HAL_FDCAN_TimeoutOccurredCallback
                0x0000000008005b74       0x14 ./Drivers/STM32G4xx_HAL_Driver/Src/stm32g4xx_hal_fdcan.o
                0x0000000008005b74                HAL_FDCAN_TimeoutOccurredCallback
 .text.HAL_FDCAN_HighPriorityMessageCallback
                0x0000000008005b88       0x14 ./Drivers/STM32G4xx_HAL_Driver/Src/stm32g4xx_hal_fdcan.o
                0x0000000008005b88                HAL_FDCAN_HighPriorityMessageCallback
 .text.HAL_FDCAN_ErrorCallback
                0x0000000008005b9c       0x14 ./Drivers/STM32G4xx_HAL_Driver/Src/stm32g4xx_hal_fdcan.o
                0x0000000008005b9c                HAL_FDCAN_ErrorCallback
 .text.HAL_FDCAN_ErrorStatusCallback
                0x0000000008005bb0       0x16 ./Drivers/STM32G4xx_HAL_Driver/Src/stm32g4xx_hal_fdcan.o
                0x0000000008005bb0                HAL_FDCAN_ErrorStatusCallback
 *fill*         0x0000000008005bc6        0x2 
 .text.FDCAN_CalcultateRamBlockAddresses
                0x0000000008005bc8       0xd8 ./Drivers/STM32G4xx_HAL_Driver/Src/stm32g4xx_hal_fdcan.o
 .text.FDCAN_CopyMessageToRAM
                0x0000000008005ca0       0xf8 ./Drivers/STM32G4xx_HAL_Driver/Src/stm32g4xx_hal_fdcan.o
 .text.HAL_GPIO_Init
                0x0000000008005d98      0x304 ./Drivers/STM32G4xx_HAL_Driver/Src/stm32g4xx_hal_gpio.o
                0x0000000008005d98                HAL_GPIO_Init
 .text.HAL_GPIO_ReadPin
                0x000000000800609c       0x30 ./Drivers/STM32G4xx_HAL_Driver/Src/stm32g4xx_hal_gpio.o
                0x000000000800609c                HAL_GPIO_ReadPin
 .text.HAL_GPIO_WritePin
                0x00000000080060cc       0x30 ./Drivers/STM32G4xx_HAL_Driver/Src/stm32g4xx_hal_gpio.o
                0x00000000080060cc                HAL_GPIO_WritePin
 .text.HAL_PWREx_ControlVoltageScaling
                0x00000000080060fc      0x148 ./Drivers/STM32G4xx_HAL_Driver/Src/stm32g4xx_hal_pwr_ex.o
                0x00000000080060fc                HAL_PWREx_ControlVoltageScaling
 .text.HAL_PWREx_DisableUCPDDeadBattery
                0x0000000008006244       0x20 ./Drivers/STM32G4xx_HAL_Driver/Src/stm32g4xx_hal_pwr_ex.o
                0x0000000008006244                HAL_PWREx_DisableUCPDDeadBattery
 .text.HAL_RCC_OscConfig
                0x0000000008006264      0x630 ./Drivers/STM32G4xx_HAL_Driver/Src/stm32g4xx_hal_rcc.o
                0x0000000008006264                HAL_RCC_OscConfig
 .text.HAL_RCC_ClockConfig
                0x0000000008006894      0x278 ./Drivers/STM32G4xx_HAL_Driver/Src/stm32g4xx_hal_rcc.o
                0x0000000008006894                HAL_RCC_ClockConfig
 .text.HAL_RCC_GetSysClockFreq
                0x0000000008006b0c       0xc4 ./Drivers/STM32G4xx_HAL_Driver/Src/stm32g4xx_hal_rcc.o
                0x0000000008006b0c                HAL_RCC_GetSysClockFreq
 .text.RCC_GetSysClockFreqFromPLLSource
                0x0000000008006bd0       0x8c ./Drivers/STM32G4xx_HAL_Driver/Src/stm32g4xx_hal_rcc.o
 .text.HAL_RCCEx_PeriphCLKConfig
                0x0000000008006c5c      0x49c ./Drivers/STM32G4xx_HAL_Driver/Src/stm32g4xx_hal_rcc_ex.o
                0x0000000008006c5c                HAL_RCCEx_PeriphCLKConfig
 .text.HAL_SPI_Init
                0x00000000080070f8      0x156 ./Drivers/STM32G4xx_HAL_Driver/Src/stm32g4xx_hal_spi.o
                0x00000000080070f8                HAL_SPI_Init
 .text.HAL_SPI_Transmit
                0x000000000800724e      0x2dc ./Drivers/STM32G4xx_HAL_Driver/Src/stm32g4xx_hal_spi.o
                0x000000000800724e                HAL_SPI_Transmit
 .text.HAL_SPI_TransmitReceive
                0x000000000800752a      0x426 ./Drivers/STM32G4xx_HAL_Driver/Src/stm32g4xx_hal_spi.o
                0x000000000800752a                HAL_SPI_TransmitReceive
 .text.SPI_WaitFlagStateUntilTimeout
                0x0000000008007950      0x110 ./Drivers/STM32G4xx_HAL_Driver/Src/stm32g4xx_hal_spi.o
 .text.SPI_WaitFifoStateUntilTimeout
                0x0000000008007a60      0x12c ./Drivers/STM32G4xx_HAL_Driver/Src/stm32g4xx_hal_spi.o
 .text.SPI_EndRxTxTransaction
                0x0000000008007b8c       0x8c ./Drivers/STM32G4xx_HAL_Driver/Src/stm32g4xx_hal_spi.o
 .text.HAL_TIM_Base_Init
                0x0000000008007c18       0xae ./Drivers/STM32G4xx_HAL_Driver/Src/stm32g4xx_hal_tim.o
                0x0000000008007c18                HAL_TIM_Base_Init
 *fill*         0x0000000008007cc6        0x2 
 .text.HAL_TIM_Base_Start_IT
                0x0000000008007cc8       0xf0 ./Drivers/STM32G4xx_HAL_Driver/Src/stm32g4xx_hal_tim.o
                0x0000000008007cc8                HAL_TIM_Base_Start_IT
 .text.HAL_TIM_Encoder_Init
                0x0000000008007db8      0x14c ./Drivers/STM32G4xx_HAL_Driver/Src/stm32g4xx_hal_tim.o
                0x0000000008007db8                HAL_TIM_Encoder_Init
 .text.HAL_TIM_Encoder_Start_IT
                0x0000000008007f04      0x15c ./Drivers/STM32G4xx_HAL_Driver/Src/stm32g4xx_hal_tim.o
                0x0000000008007f04                HAL_TIM_Encoder_Start_IT
 .text.HAL_TIM_IRQHandler
                0x0000000008008060      0x2fe ./Drivers/STM32G4xx_HAL_Driver/Src/stm32g4xx_hal_tim.o
                0x0000000008008060                HAL_TIM_IRQHandler
 *fill*         0x000000000800835e        0x2 
 .text.HAL_TIM_ConfigClockSource
                0x0000000008008360      0x22c ./Drivers/STM32G4xx_HAL_Driver/Src/stm32g4xx_hal_tim.o
                0x0000000008008360                HAL_TIM_ConfigClockSource
 .text.HAL_TIM_PeriodElapsedCallback
                0x000000000800858c       0x14 ./Drivers/STM32G4xx_HAL_Driver/Src/stm32g4xx_hal_tim.o
                0x000000000800858c                HAL_TIM_PeriodElapsedCallback
 .text.HAL_TIM_OC_DelayElapsedCallback
                0x00000000080085a0       0x14 ./Drivers/STM32G4xx_HAL_Driver/Src/stm32g4xx_hal_tim.o
                0x00000000080085a0                HAL_TIM_OC_DelayElapsedCallback
 .text.HAL_TIM_IC_CaptureCallback
                0x00000000080085b4       0x14 ./Drivers/STM32G4xx_HAL_Driver/Src/stm32g4xx_hal_tim.o
                0x00000000080085b4                HAL_TIM_IC_CaptureCallback
 .text.HAL_TIM_PWM_PulseFinishedCallback
                0x00000000080085c8       0x14 ./Drivers/STM32G4xx_HAL_Driver/Src/stm32g4xx_hal_tim.o
                0x00000000080085c8                HAL_TIM_PWM_PulseFinishedCallback
 .text.HAL_TIM_TriggerCallback
                0x00000000080085dc       0x14 ./Drivers/STM32G4xx_HAL_Driver/Src/stm32g4xx_hal_tim.o
                0x00000000080085dc                HAL_TIM_TriggerCallback
 .text.TIM_Base_SetConfig
                0x00000000080085f0      0x150 ./Drivers/STM32G4xx_HAL_Driver/Src/stm32g4xx_hal_tim.o
                0x00000000080085f0                TIM_Base_SetConfig
 .text.TIM_TI1_ConfigInputStage
                0x0000000008008740       0x5e ./Drivers/STM32G4xx_HAL_Driver/Src/stm32g4xx_hal_tim.o
 .text.TIM_TI2_ConfigInputStage
                0x000000000800879e       0x60 ./Drivers/STM32G4xx_HAL_Driver/Src/stm32g4xx_hal_tim.o
 .text.TIM_ITRx_SetConfig
                0x00000000080087fe       0x3a ./Drivers/STM32G4xx_HAL_Driver/Src/stm32g4xx_hal_tim.o
 .text.TIM_ETR_SetConfig
                0x0000000008008838       0x40 ./Drivers/STM32G4xx_HAL_Driver/Src/stm32g4xx_hal_tim.o
                0x0000000008008838                TIM_ETR_SetConfig
 .text.TIM_CCxChannelCmd
                0x0000000008008878       0x4a ./Drivers/STM32G4xx_HAL_Driver/Src/stm32g4xx_hal_tim.o
                0x0000000008008878                TIM_CCxChannelCmd
 *fill*         0x00000000080088c2        0x2 
 .text.HAL_TIMEx_MasterConfigSynchronization
                0x00000000080088c4      0x12c ./Drivers/STM32G4xx_HAL_Driver/Src/stm32g4xx_hal_tim_ex.o
                0x00000000080088c4                HAL_TIMEx_MasterConfigSynchronization
 .text.HAL_TIMEx_CommutCallback
                0x00000000080089f0       0x14 ./Drivers/STM32G4xx_HAL_Driver/Src/stm32g4xx_hal_tim_ex.o
                0x00000000080089f0                HAL_TIMEx_CommutCallback
 .text.HAL_TIMEx_BreakCallback
                0x0000000008008a04       0x14 ./Drivers/STM32G4xx_HAL_Driver/Src/stm32g4xx_hal_tim_ex.o
                0x0000000008008a04                HAL_TIMEx_BreakCallback
 .text.HAL_TIMEx_Break2Callback
                0x0000000008008a18       0x14 ./Drivers/STM32G4xx_HAL_Driver/Src/stm32g4xx_hal_tim_ex.o
                0x0000000008008a18                HAL_TIMEx_Break2Callback
 .text.HAL_TIMEx_EncoderIndexCallback
                0x0000000008008a2c       0x14 ./Drivers/STM32G4xx_HAL_Driver/Src/stm32g4xx_hal_tim_ex.o
                0x0000000008008a2c                HAL_TIMEx_EncoderIndexCallback
 .text.HAL_TIMEx_DirectionChangeCallback
                0x0000000008008a40       0x14 ./Drivers/STM32G4xx_HAL_Driver/Src/stm32g4xx_hal_tim_ex.o
                0x0000000008008a40                HAL_TIMEx_DirectionChangeCallback
 .text.HAL_TIMEx_IndexErrorCallback
                0x0000000008008a54       0x14 ./Drivers/STM32G4xx_HAL_Driver/Src/stm32g4xx_hal_tim_ex.o
                0x0000000008008a54                HAL_TIMEx_IndexErrorCallback
 .text.HAL_TIMEx_TransitionErrorCallback
                0x0000000008008a68       0x14 ./Drivers/STM32G4xx_HAL_Driver/Src/stm32g4xx_hal_tim_ex.o
                0x0000000008008a68                HAL_TIMEx_TransitionErrorCallback
 .text.__libc_init_array
                0x0000000008008a7c       0x48 /home/nir/st/stm32cubeide_1.12.1_3/plugins/com.st.stm32cube.ide.mcu.externaltools.gnu-tools-for-stm32.10.3-2021.10.linux64_1.0.200.202301161003/tools/bin/../lib/gcc/arm-none-eabi/10.3.1/../../../../arm-none-eabi/lib/thumb/v7e-m+fp/hard/libc_nano.a(lib_a-init.o)
                0x0000000008008a7c                __libc_init_array
 .text.memcpy   0x0000000008008ac4       0x1c /home/nir/st/stm32cubeide_1.12.1_3/plugins/com.st.stm32cube.ide.mcu.externaltools.gnu-tools-for-stm32.10.3-2021.10.linux64_1.0.200.202301161003/tools/bin/../lib/gcc/arm-none-eabi/10.3.1/../../../../arm-none-eabi/lib/thumb/v7e-m+fp/hard/libc_nano.a(lib_a-memcpy-stub.o)
                0x0000000008008ac4                memcpy
 .text.memset   0x0000000008008ae0       0x10 /home/nir/st/stm32cubeide_1.12.1_3/plugins/com.st.stm32cube.ide.mcu.externaltools.gnu-tools-for-stm32.10.3-2021.10.linux64_1.0.200.202301161003/tools/bin/../lib/gcc/arm-none-eabi/10.3.1/../../../../arm-none-eabi/lib/thumb/v7e-m+fp/hard/libc_nano.a(lib_a-memset.o)
                0x0000000008008ae0                memset
 *(.glue_7)
 .glue_7        0x0000000008008af0        0x0 linker stubs
 *(.glue_7t)
 .glue_7t       0x0000000008008af0        0x0 linker stubs
 *(.eh_frame)
 .eh_frame      0x0000000008008af0        0x0 /home/nir/st/stm32cubeide_1.12.1_3/plugins/com.st.stm32cube.ide.mcu.externaltools.gnu-tools-for-stm32.10.3-2021.10.linux64_1.0.200.202301161003/tools/bin/../lib/gcc/arm-none-eabi/10.3.1/thumb/v7e-m+fp/hard/crtbegin.o
 *(.init)
 .init          0x0000000008008af0        0x4 /home/nir/st/stm32cubeide_1.12.1_3/plugins/com.st.stm32cube.ide.mcu.externaltools.gnu-tools-for-stm32.10.3-2021.10.linux64_1.0.200.202301161003/tools/bin/../lib/gcc/arm-none-eabi/10.3.1/thumb/v7e-m+fp/hard/crti.o
                0x0000000008008af0                _init
 .init          0x0000000008008af4        0x8 /home/nir/st/stm32cubeide_1.12.1_3/plugins/com.st.stm32cube.ide.mcu.externaltools.gnu-tools-for-stm32.10.3-2021.10.linux64_1.0.200.202301161003/tools/bin/../lib/gcc/arm-none-eabi/10.3.1/thumb/v7e-m+fp/hard/crtn.o
 *(.fini)
 .fini          0x0000000008008afc        0x4 /home/nir/st/stm32cubeide_1.12.1_3/plugins/com.st.stm32cube.ide.mcu.externaltools.gnu-tools-for-stm32.10.3-2021.10.linux64_1.0.200.202301161003/tools/bin/../lib/gcc/arm-none-eabi/10.3.1/thumb/v7e-m+fp/hard/crti.o
                0x0000000008008afc                _fini
 .fini          0x0000000008008b00        0x8 /home/nir/st/stm32cubeide_1.12.1_3/plugins/com.st.stm32cube.ide.mcu.externaltools.gnu-tools-for-stm32.10.3-2021.10.linux64_1.0.200.202301161003/tools/bin/../lib/gcc/arm-none-eabi/10.3.1/thumb/v7e-m+fp/hard/crtn.o
                0x0000000008008b08                . = ALIGN (0x4)
                0x0000000008008b08                _etext = .

.vfp11_veneer   0x0000000008008b08        0x0
 .vfp11_veneer  0x0000000008008b08        0x0 linker stubs

.v4_bx          0x0000000008008b08        0x0
 .v4_bx         0x0000000008008b08        0x0 linker stubs

.iplt           0x0000000008008b08        0x0
 .iplt          0x0000000008008b08        0x0 /home/nir/st/stm32cubeide_1.12.1_3/plugins/com.st.stm32cube.ide.mcu.externaltools.gnu-tools-for-stm32.10.3-2021.10.linux64_1.0.200.202301161003/tools/bin/../lib/gcc/arm-none-eabi/10.3.1/thumb/v7e-m+fp/hard/crtbegin.o

.rodata         0x0000000008008b08       0x54
                0x0000000008008b08                . = ALIGN (0x4)
 *(.rodata)
 .rodata        0x0000000008008b08       0x30 ./Core/Src/max22200_driver.o
 .rodata        0x0000000008008b38        0x4 ./Core/Src/motor.o
 *(.rodata*)
 .rodata.AHBPrescTable
                0x0000000008008b3c       0x10 ./Core/Src/system_stm32g4xx.o
                0x0000000008008b3c                AHBPrescTable
 .rodata.DLCtoBytes
                0x0000000008008b4c       0x10 ./Drivers/STM32G4xx_HAL_Driver/Src/stm32g4xx_hal_fdcan.o
                0x0000000008008b5c                . = ALIGN (0x4)

.rel.dyn        0x0000000008008b5c        0x0
 .rel.iplt      0x0000000008008b5c        0x0 /home/nir/st/stm32cubeide_1.12.1_3/plugins/com.st.stm32cube.ide.mcu.externaltools.gnu-tools-for-stm32.10.3-2021.10.linux64_1.0.200.202301161003/tools/bin/../lib/gcc/arm-none-eabi/10.3.1/thumb/v7e-m+fp/hard/crtbegin.o

.ARM.extab      0x0000000008008b5c        0x0
                0x0000000008008b5c                . = ALIGN (0x4)
 *(.ARM.extab* .gnu.linkonce.armextab.*)
                0x0000000008008b5c                . = ALIGN (0x4)

.ARM            0x0000000008008b5c        0x0
                0x0000000008008b5c                . = ALIGN (0x4)
                0x0000000008008b5c                __exidx_start = .
 *(.ARM.exidx*)
                0x0000000008008b5c                __exidx_end = .
                0x0000000008008b5c                . = ALIGN (0x4)

.preinit_array  0x0000000008008b5c        0x0
                0x0000000008008b5c                . = ALIGN (0x4)
                0x0000000008008b5c                PROVIDE (__preinit_array_start = .)
 *(.preinit_array*)
                0x0000000008008b5c                PROVIDE (__preinit_array_end = .)
                0x0000000008008b5c                . = ALIGN (0x4)

.init_array     0x0000000008008b5c        0x4
                0x0000000008008b5c                . = ALIGN (0x4)
                0x0000000008008b5c                PROVIDE (__init_array_start = .)
 *(SORT_BY_NAME(.init_array.*))
 *(.init_array*)
 .init_array    0x0000000008008b5c        0x4 /home/nir/st/stm32cubeide_1.12.1_3/plugins/com.st.stm32cube.ide.mcu.externaltools.gnu-tools-for-stm32.10.3-2021.10.linux64_1.0.200.202301161003/tools/bin/../lib/gcc/arm-none-eabi/10.3.1/thumb/v7e-m+fp/hard/crtbegin.o
                0x0000000008008b60                PROVIDE (__init_array_end = .)
                0x0000000008008b60                . = ALIGN (0x4)

.fini_array     0x0000000008008b60        0x4
                0x0000000008008b60                . = ALIGN (0x4)
                [!provide]                        PROVIDE (__fini_array_start = .)
 *(SORT_BY_NAME(.fini_array.*))
 *(.fini_array*)
 .fini_array    0x0000000008008b60        0x4 /home/nir/st/stm32cubeide_1.12.1_3/plugins/com.st.stm32cube.ide.mcu.externaltools.gnu-tools-for-stm32.10.3-2021.10.linux64_1.0.200.202301161003/tools/bin/../lib/gcc/arm-none-eabi/10.3.1/thumb/v7e-m+fp/hard/crtbegin.o
                [!provide]                        PROVIDE (__fini_array_end = .)
                0x0000000008008b64                . = ALIGN (0x4)
                0x0000000008008b64                _sidata = LOADADDR (.data)

.data           0x0000000020000000       0x30 load address 0x0000000008008b64
                0x0000000020000000                . = ALIGN (0x4)
                0x0000000020000000                _sdata = .
 *(.data)
 *(.data*)
 .data.fingerAddress
                0x0000000020000000        0x4 ./Core/Src/fdcan.o
                0x0000000020000000                fingerAddress
 .data.kp       0x0000000020000004        0x4 ./Core/Src/main.o
                0x0000000020000004                kp
 .data.ki       0x0000000020000008        0x4 ./Core/Src/main.o
                0x0000000020000008                ki
 .data.pos      0x000000002000000c        0xc ./Core/Src/main.o
                0x000000002000000c                pos
 .data.motors   0x0000000020000018        0xc ./Core/Src/main.o
                0x0000000020000018                motors
 .data.SystemCoreClock
                0x0000000020000024        0x4 ./Core/Src/system_stm32g4xx.o
                0x0000000020000024                SystemCoreClock
 .data.uwTickPrio
                0x0000000020000028        0x4 ./Drivers/STM32G4xx_HAL_Driver/Src/stm32g4xx_hal.o
                0x0000000020000028                uwTickPrio
 .data.uwTickFreq
                0x000000002000002c        0x4 ./Drivers/STM32G4xx_HAL_Driver/Src/stm32g4xx_hal.o
                0x000000002000002c                uwTickFreq
 *(.RamFunc)
 *(.RamFunc*)
                0x0000000020000030                . = ALIGN (0x4)
                0x0000000020000030                _edata = .

.igot.plt       0x0000000020000030        0x0 load address 0x0000000008008b94
 .igot.plt      0x0000000020000030        0x0 /home/nir/st/stm32cubeide_1.12.1_3/plugins/com.st.stm32cube.ide.mcu.externaltools.gnu-tools-for-stm32.10.3-2021.10.linux64_1.0.200.202301161003/tools/bin/../lib/gcc/arm-none-eabi/10.3.1/thumb/v7e-m+fp/hard/crtbegin.o
                0x0000000020000030                . = ALIGN (0x4)

.bss            0x0000000020000030      0x758 load address 0x0000000008008b94
                0x0000000020000030                _sbss = .
                0x0000000020000030                __bss_start__ = _sbss
 *(.bss)
 .bss           0x0000000020000030       0x1c /home/nir/st/stm32cubeide_1.12.1_3/plugins/com.st.stm32cube.ide.mcu.externaltools.gnu-tools-for-stm32.10.3-2021.10.linux64_1.0.200.202301161003/tools/bin/../lib/gcc/arm-none-eabi/10.3.1/thumb/v7e-m+fp/hard/crtbegin.o
 *(.bss*)
 .bss.hadc1     0x000000002000004c       0x6c ./Core/Src/adc.o
                0x000000002000004c                hadc1
 .bss.hadc3     0x00000000200000b8       0x6c ./Core/Src/adc.o
                0x00000000200000b8                hadc3
 .bss.hadc4     0x0000000020000124       0x6c ./Core/Src/adc.o
                0x0000000020000124                hadc4
 .bss.hdma_adc4
                0x0000000020000190       0x60 ./Core/Src/adc.o
                0x0000000020000190                hdma_adc4
 .bss.HAL_RCC_ADC345_CLK_ENABLED
                0x00000000200001f0        0x4 ./Core/Src/adc.o
 .bss.PWM_ZERO  0x00000000200001f4        0x4 ./Core/Src/control.o
                0x00000000200001f4                PWM_ZERO
 .bss.out       0x00000000200001f8        0x3 ./Core/Src/control.o
                0x00000000200001f8                out
 *fill*         0x00000000200001fb        0x1 
 .bss.friction_compensation
                0x00000000200001fc        0x4 ./Core/Src/control.o
                0x00000000200001fc                friction_compensation
 .bss.TxHeader  0x0000000020000200       0x24 ./Core/Src/fdcan.o
                0x0000000020000200                TxHeader
 .bss.RxHeader  0x0000000020000224       0x28 ./Core/Src/fdcan.o
                0x0000000020000224                RxHeader
 .bss.fdcan     0x000000002000024c       0x64 ./Core/Src/fdcan.o
                0x000000002000024c                fdcan
 .bss.TxData    0x00000000200002b0        0x8 ./Core/Src/fdcan.o
                0x00000000200002b0                TxData
 .bss.RxData    0x00000000200002b8       0x1a ./Core/Src/fdcan.o
                0x00000000200002b8                RxData
 *fill*         0x00000000200002d2        0x2 
 .bss.hfdcan2   0x00000000200002d4       0x64 ./Core/Src/fdcan.o
                0x00000000200002d4                hfdcan2
 .bss.count_init
                0x0000000020000338        0x4 ./Core/Src/fsm.o
                0x0000000020000338                count_init
 .bss.errorStatus
                0x000000002000033c        0x1 ./Core/Src/fsm.o
                0x000000002000033c                errorStatus
 *fill*         0x000000002000033d        0x3 
 .bss.counter   0x0000000020000340        0xc ./Core/Src/main.o
                0x0000000020000340                counter
 .bss.counter_calibration
                0x000000002000034c        0xc ./Core/Src/main.o
                0x000000002000034c                counter_calibration
 .bss.motor_stable
                0x0000000020000358        0xc ./Core/Src/main.o
                0x0000000020000358                motor_stable
 .bss.calibrated
                0x0000000020000364        0x1 ./Core/Src/main.o
                0x0000000020000364                calibrated
 .bss.watchdog1
                0x0000000020000365        0x1 ./Core/Src/main.o
                0x0000000020000365                watchdog1
 .bss.watchdog2
                0x0000000020000366        0x1 ./Core/Src/main.o
                0x0000000020000366                watchdog2
 .bss.watchdog3
                0x0000000020000367        0x1 ./Core/Src/main.o
                0x0000000020000367                watchdog3
 .bss.kd        0x0000000020000368        0x4 ./Core/Src/main.o
                0x0000000020000368                kd
 *fill*         0x000000002000036c        0x4 
 .bss.outputs   0x0000000020000370       0x18 ./Core/Src/main.o
                0x0000000020000370                outputs
 .bss.pwm_outputs
                0x0000000020000388        0xc ./Core/Src/main.o
                0x0000000020000388                pwm_outputs
 .bss.receiveNsendFlag
                0x0000000020000394        0x1 ./Core/Src/main.o
                0x0000000020000394                receiveNsendFlag
 *fill*         0x0000000020000395        0x3 
 .bss.loop_count
                0x0000000020000398        0x4 ./Core/Src/main.o
                0x0000000020000398                loop_count
 .bss.status_Reg
                0x000000002000039c       0x20 ./Core/Src/main.o
                0x000000002000039c                status_Reg
 .bss.stats_    0x00000000200003bc       0x10 ./Core/Src/main.o
                0x00000000200003bc                stats_
 *fill*         0x00000000200003cc        0x4 
 .bss.pid1      0x00000000200003d0       0x60 ./Core/Src/main.o
                0x00000000200003d0                pid1
 .bss.pid2      0x0000000020000430       0x60 ./Core/Src/main.o
                0x0000000020000430                pid2
 .bss.pid3      0x0000000020000490       0x60 ./Core/Src/main.o
                0x0000000020000490                pid3
 .bss.pids      0x00000000200004f0        0xc ./Core/Src/main.o
                0x00000000200004f0                pids
 .bss.encoders  0x00000000200004fc       0x24 ./Core/Src/main.o
                0x00000000200004fc                encoders
 .bss.regs      0x0000000020000520       0x18 ./Core/Src/main.o
                0x0000000020000520                regs
 .bss.m1        0x0000000020000538       0x14 ./Core/Src/main.o
                0x0000000020000538                m1
 .bss.m2        0x000000002000054c       0x14 ./Core/Src/main.o
                0x000000002000054c                m2
 .bss.m3        0x0000000020000560       0x14 ./Core/Src/main.o
                0x0000000020000560                m3
 .bss.state     0x0000000020000574        0xd ./Core/Src/main.o
                0x0000000020000574                state
 *fill*         0x0000000020000581        0x3 
 .bss.MAX22200_tx
                0x0000000020000584       0x10 ./Core/Src/max22200_driver.o
                0x0000000020000584                MAX22200_tx
 .bss.MAX22200_rx
                0x0000000020000594       0x10 ./Core/Src/max22200_driver.o
                0x0000000020000594                MAX22200_rx
 .bss.hspi3     0x00000000200005a4       0x64 ./Core/Src/spi.o
                0x00000000200005a4                hspi3
 .bss.htim1     0x0000000020000608       0x4c ./Core/Src/tim.o
                0x0000000020000608                htim1
 .bss.htim2     0x0000000020000654       0x4c ./Core/Src/tim.o
                0x0000000020000654                htim2
 .bss.htim3     0x00000000200006a0       0x4c ./Core/Src/tim.o
                0x00000000200006a0                htim3
 .bss.htim5     0x00000000200006ec       0x4c ./Core/Src/tim.o
                0x00000000200006ec                htim5
 .bss.htim6     0x0000000020000738       0x4c ./Core/Src/tim.o
                0x0000000020000738                htim6
 .bss.uwTick    0x0000000020000784        0x4 ./Drivers/STM32G4xx_HAL_Driver/Src/stm32g4xx_hal.o
                0x0000000020000784                uwTick
 *(COMMON)
                0x0000000020000788                . = ALIGN (0x4)
                0x0000000020000788                _ebss = .
                0x0000000020000788                __bss_end__ = _ebss

._user_heap_stack
                0x0000000020000788      0x600 load address 0x0000000008008b94
                0x0000000020000788                . = ALIGN (0x8)
                [!provide]                        PROVIDE (end = .)
                0x0000000020000788                PROVIDE (_end = .)
                0x0000000020000988                . = (. + _Min_Heap_Size)
 *fill*         0x0000000020000788      0x200 
                0x0000000020000d88                . = (. + _Min_Stack_Size)
 *fill*         0x0000000020000988      0x400 
                0x0000000020000d88                . = ALIGN (0x8)

/DISCARD/
 libc.a(*)
 libm.a(*)
 libgcc.a(*)

.ARM.attributes
                0x0000000000000000       0x30
 *(.ARM.attributes)
 .ARM.attributes
                0x0000000000000000       0x1e /home/nir/st/stm32cubeide_1.12.1_3/plugins/com.st.stm32cube.ide.mcu.externaltools.gnu-tools-for-stm32.10.3-2021.10.linux64_1.0.200.202301161003/tools/bin/../lib/gcc/arm-none-eabi/10.3.1/thumb/v7e-m+fp/hard/crti.o
 .ARM.attributes
                0x000000000000001e       0x34 /home/nir/st/stm32cubeide_1.12.1_3/plugins/com.st.stm32cube.ide.mcu.externaltools.gnu-tools-for-stm32.10.3-2021.10.linux64_1.0.200.202301161003/tools/bin/../lib/gcc/arm-none-eabi/10.3.1/thumb/v7e-m+fp/hard/crtbegin.o
 .ARM.attributes
                0x0000000000000052       0x34 ./Core/Src/adc.o
 .ARM.attributes
                0x0000000000000086       0x34 ./Core/Src/calibration.o
 .ARM.attributes
                0x00000000000000ba       0x34 ./Core/Src/control.o
 .ARM.attributes
                0x00000000000000ee       0x34 ./Core/Src/dma.o
 .ARM.attributes
                0x0000000000000122       0x34 ./Core/Src/encoder.o
 .ARM.attributes
                0x0000000000000156       0x34 ./Core/Src/fdcan.o
 .ARM.attributes
                0x000000000000018a       0x34 ./Core/Src/fsm.o
 .ARM.attributes
                0x00000000000001be       0x34 ./Core/Src/gpio.o
 .ARM.attributes
                0x00000000000001f2       0x34 ./Core/Src/main.o
 .ARM.attributes
                0x0000000000000226       0x34 ./Core/Src/max22200_driver.o
 .ARM.attributes
                0x000000000000025a       0x34 ./Core/Src/motor.o
 .ARM.attributes
                0x000000000000028e       0x34 ./Core/Src/spi.o
 .ARM.attributes
                0x00000000000002c2       0x34 ./Core/Src/stm32g4xx_hal_msp.o
 .ARM.attributes
                0x00000000000002f6       0x34 ./Core/Src/stm32g4xx_it.o
 .ARM.attributes
                0x000000000000032a       0x34 ./Core/Src/system_stm32g4xx.o
 .ARM.attributes
                0x000000000000035e       0x34 ./Core/Src/tim.o
 .ARM.attributes
                0x0000000000000392       0x21 ./Core/Startup/startup_stm32g474rbtx.o
 .ARM.attributes
                0x00000000000003b3       0x34 ./Drivers/STM32G4xx_HAL_Driver/Src/stm32g4xx_hal.o
 .ARM.attributes
                0x00000000000003e7       0x34 ./Drivers/STM32G4xx_HAL_Driver/Src/stm32g4xx_hal_adc.o
 .ARM.attributes
                0x000000000000041b       0x34 ./Drivers/STM32G4xx_HAL_Driver/Src/stm32g4xx_hal_adc_ex.o
 .ARM.attributes
                0x000000000000044f       0x34 ./Drivers/STM32G4xx_HAL_Driver/Src/stm32g4xx_hal_cortex.o
 .ARM.attributes
                0x0000000000000483       0x34 ./Drivers/STM32G4xx_HAL_Driver/Src/stm32g4xx_hal_dma.o
 .ARM.attributes
                0x00000000000004b7       0x34 ./Drivers/STM32G4xx_HAL_Driver/Src/stm32g4xx_hal_fdcan.o
 .ARM.attributes
                0x00000000000004eb       0x34 ./Drivers/STM32G4xx_HAL_Driver/Src/stm32g4xx_hal_gpio.o
 .ARM.attributes
                0x000000000000051f       0x34 ./Drivers/STM32G4xx_HAL_Driver/Src/stm32g4xx_hal_pwr_ex.o
 .ARM.attributes
                0x0000000000000553       0x34 ./Drivers/STM32G4xx_HAL_Driver/Src/stm32g4xx_hal_rcc.o
 .ARM.attributes
                0x0000000000000587       0x34 ./Drivers/STM32G4xx_HAL_Driver/Src/stm32g4xx_hal_rcc_ex.o
 .ARM.attributes
                0x00000000000005bb       0x34 ./Drivers/STM32G4xx_HAL_Driver/Src/stm32g4xx_hal_spi.o
 .ARM.attributes
                0x00000000000005ef       0x34 ./Drivers/STM32G4xx_HAL_Driver/Src/stm32g4xx_hal_tim.o
 .ARM.attributes
                0x0000000000000623       0x34 ./Drivers/STM32G4xx_HAL_Driver/Src/stm32g4xx_hal_tim_ex.o
 .ARM.attributes
                0x0000000000000657       0x34 /home/nir/st/stm32cubeide_1.12.1_3/plugins/com.st.stm32cube.ide.mcu.externaltools.gnu-tools-for-stm32.10.3-2021.10.linux64_1.0.200.202301161003/tools/bin/../lib/gcc/arm-none-eabi/10.3.1/../../../../arm-none-eabi/lib/thumb/v7e-m+fp/hard/libc_nano.a(lib_a-init.o)
 .ARM.attributes
                0x000000000000068b       0x34 /home/nir/st/stm32cubeide_1.12.1_3/plugins/com.st.stm32cube.ide.mcu.externaltools.gnu-tools-for-stm32.10.3-2021.10.linux64_1.0.200.202301161003/tools/bin/../lib/gcc/arm-none-eabi/10.3.1/../../../../arm-none-eabi/lib/thumb/v7e-m+fp/hard/libc_nano.a(lib_a-memcpy-stub.o)
 .ARM.attributes
                0x00000000000006bf       0x34 /home/nir/st/stm32cubeide_1.12.1_3/plugins/com.st.stm32cube.ide.mcu.externaltools.gnu-tools-for-stm32.10.3-2021.10.linux64_1.0.200.202301161003/tools/bin/../lib/gcc/arm-none-eabi/10.3.1/../../../../arm-none-eabi/lib/thumb/v7e-m+fp/hard/libc_nano.a(lib_a-memset.o)
 .ARM.attributes
                0x00000000000006f3       0x1e /home/nir/st/stm32cubeide_1.12.1_3/plugins/com.st.stm32cube.ide.mcu.externaltools.gnu-tools-for-stm32.10.3-2021.10.linux64_1.0.200.202301161003/tools/bin/../lib/gcc/arm-none-eabi/10.3.1/thumb/v7e-m+fp/hard/libgcc.a(_arm_addsubdf3.o)
 .ARM.attributes
                0x0000000000000711       0x1e /home/nir/st/stm32cubeide_1.12.1_3/plugins/com.st.stm32cube.ide.mcu.externaltools.gnu-tools-for-stm32.10.3-2021.10.linux64_1.0.200.202301161003/tools/bin/../lib/gcc/arm-none-eabi/10.3.1/thumb/v7e-m+fp/hard/libgcc.a(_arm_muldivdf3.o)
 .ARM.attributes
                0x000000000000072f       0x1e /home/nir/st/stm32cubeide_1.12.1_3/plugins/com.st.stm32cube.ide.mcu.externaltools.gnu-tools-for-stm32.10.3-2021.10.linux64_1.0.200.202301161003/tools/bin/../lib/gcc/arm-none-eabi/10.3.1/thumb/v7e-m+fp/hard/libgcc.a(_arm_cmpdf2.o)
 .ARM.attributes
                0x000000000000074d       0x1e /home/nir/st/stm32cubeide_1.12.1_3/plugins/com.st.stm32cube.ide.mcu.externaltools.gnu-tools-for-stm32.10.3-2021.10.linux64_1.0.200.202301161003/tools/bin/../lib/gcc/arm-none-eabi/10.3.1/thumb/v7e-m+fp/hard/libgcc.a(_arm_fixunsdfsi.o)
 .ARM.attributes
                0x000000000000076b       0x1e /home/nir/st/stm32cubeide_1.12.1_3/plugins/com.st.stm32cube.ide.mcu.externaltools.gnu-tools-for-stm32.10.3-2021.10.linux64_1.0.200.202301161003/tools/bin/../lib/gcc/arm-none-eabi/10.3.1/thumb/v7e-m+fp/hard/libgcc.a(_arm_truncdfsf2.o)
 .ARM.attributes
                0x0000000000000789       0x1e /home/nir/st/stm32cubeide_1.12.1_3/plugins/com.st.stm32cube.ide.mcu.externaltools.gnu-tools-for-stm32.10.3-2021.10.linux64_1.0.200.202301161003/tools/bin/../lib/gcc/arm-none-eabi/10.3.1/thumb/v7e-m+fp/hard/crtn.o
OUTPUT(Finger_final.elf elf32-littlearm)
LOAD linker stubs
LOAD /home/nir/st/stm32cubeide_1.12.1_3/plugins/com.st.stm32cube.ide.mcu.externaltools.gnu-tools-for-stm32.10.3-2021.10.linux64_1.0.200.202301161003/tools/bin/../lib/gcc/arm-none-eabi/10.3.1/../../../../arm-none-eabi/lib/thumb/v7e-m+fp/hard/libc.a
LOAD /home/nir/st/stm32cubeide_1.12.1_3/plugins/com.st.stm32cube.ide.mcu.externaltools.gnu-tools-for-stm32.10.3-2021.10.linux64_1.0.200.202301161003/tools/bin/../lib/gcc/arm-none-eabi/10.3.1/../../../../arm-none-eabi/lib/thumb/v7e-m+fp/hard/libm.a
LOAD /home/nir/st/stm32cubeide_1.12.1_3/plugins/com.st.stm32cube.ide.mcu.externaltools.gnu-tools-for-stm32.10.3-2021.10.linux64_1.0.200.202301161003/tools/bin/../lib/gcc/arm-none-eabi/10.3.1/thumb/v7e-m+fp/hard/libgcc.a

.debug_info     0x0000000000000000    0x1cefc
 .debug_info    0x0000000000000000     0x10da ./Core/Src/adc.o
 .debug_info    0x00000000000010da      0x54a ./Core/Src/calibration.o
 .debug_info    0x0000000000001624      0x9c2 ./Core/Src/control.o
 .debug_info    0x0000000000001fe6      0x603 ./Core/Src/dma.o
 .debug_info    0x00000000000025e9      0x93b ./Core/Src/encoder.o
 .debug_info    0x0000000000002f24     0x1217 ./Core/Src/fdcan.o
 .debug_info    0x000000000000413b     0x18aa ./Core/Src/fsm.o
 .debug_info    0x00000000000059e5      0x4fd ./Core/Src/gpio.o
 .debug_info    0x0000000000005ee2     0x1251 ./Core/Src/main.o
 .debug_info    0x0000000000007133      0xdf4 ./Core/Src/max22200_driver.o
 .debug_info    0x0000000000007f27      0x792 ./Core/Src/motor.o
 .debug_info    0x00000000000086b9      0xb7d ./Core/Src/spi.o
 .debug_info    0x0000000000009236      0x32d ./Core/Src/stm32g4xx_hal_msp.o
 .debug_info    0x0000000000009563     0x128c ./Core/Src/stm32g4xx_it.o
 .debug_info    0x000000000000a7ef      0x59f ./Core/Src/system_stm32g4xx.o
 .debug_info    0x000000000000ad8e     0x1377 ./Core/Src/tim.o
 .debug_info    0x000000000000c105       0x22 ./Core/Startup/startup_stm32g474rbtx.o
 .debug_info    0x000000000000c127      0xb9d ./Drivers/STM32G4xx_HAL_Driver/Src/stm32g4xx_hal.o
 .debug_info    0x000000000000ccc4     0x213e ./Drivers/STM32G4xx_HAL_Driver/Src/stm32g4xx_hal_adc.o
 .debug_info    0x000000000000ee02     0x1e4b ./Drivers/STM32G4xx_HAL_Driver/Src/stm32g4xx_hal_adc_ex.o
 .debug_info    0x0000000000010c4d      0xe7e ./Drivers/STM32G4xx_HAL_Driver/Src/stm32g4xx_hal_cortex.o
 .debug_info    0x0000000000011acb      0x8ee ./Drivers/STM32G4xx_HAL_Driver/Src/stm32g4xx_hal_dma.o
 .debug_info    0x00000000000123b9     0x1983 ./Drivers/STM32G4xx_HAL_Driver/Src/stm32g4xx_hal_fdcan.o
 .debug_info    0x0000000000013d3c      0x82f ./Drivers/STM32G4xx_HAL_Driver/Src/stm32g4xx_hal_gpio.o
 .debug_info    0x000000000001456b      0x983 ./Drivers/STM32G4xx_HAL_Driver/Src/stm32g4xx_hal_pwr_ex.o
 .debug_info    0x0000000000014eee      0xcb7 ./Drivers/STM32G4xx_HAL_Driver/Src/stm32g4xx_hal_rcc.o
 .debug_info    0x0000000000015ba5      0xd32 ./Drivers/STM32G4xx_HAL_Driver/Src/stm32g4xx_hal_rcc_ex.o
 .debug_info    0x00000000000168d7     0x18b8 ./Drivers/STM32G4xx_HAL_Driver/Src/stm32g4xx_hal_spi.o
 .debug_info    0x000000000001818f     0x2e83 ./Drivers/STM32G4xx_HAL_Driver/Src/stm32g4xx_hal_tim.o
 .debug_info    0x000000000001b012     0x1eea ./Drivers/STM32G4xx_HAL_Driver/Src/stm32g4xx_hal_tim_ex.o

.debug_abbrev   0x0000000000000000     0x3d8f
 .debug_abbrev  0x0000000000000000      0x231 ./Core/Src/adc.o
 .debug_abbrev  0x0000000000000231      0x197 ./Core/Src/calibration.o
 .debug_abbrev  0x00000000000003c8      0x225 ./Core/Src/control.o
 .debug_abbrev  0x00000000000005ed      0x103 ./Core/Src/dma.o
 .debug_abbrev  0x00000000000006f0      0x1cf ./Core/Src/encoder.o
 .debug_abbrev  0x00000000000008bf      0x1ec ./Core/Src/fdcan.o
 .debug_abbrev  0x0000000000000aab      0x2e6 ./Core/Src/fsm.o
 .debug_abbrev  0x0000000000000d91      0x146 ./Core/Src/gpio.o
 .debug_abbrev  0x0000000000000ed7      0x290 ./Core/Src/main.o
 .debug_abbrev  0x0000000000001167      0x2b5 ./Core/Src/max22200_driver.o
 .debug_abbrev  0x000000000000141c      0x1ab ./Core/Src/motor.o
 .debug_abbrev  0x00000000000015c7      0x1e0 ./Core/Src/spi.o
 .debug_abbrev  0x00000000000017a7       0xd5 ./Core/Src/stm32g4xx_hal_msp.o
 .debug_abbrev  0x000000000000187c      0x252 ./Core/Src/stm32g4xx_it.o
 .debug_abbrev  0x0000000000001ace      0x116 ./Core/Src/system_stm32g4xx.o
 .debug_abbrev  0x0000000000001be4      0x26b ./Core/Src/tim.o
 .debug_abbrev  0x0000000000001e4f       0x12 ./Core/Startup/startup_stm32g474rbtx.o
 .debug_abbrev  0x0000000000001e61      0x269 ./Drivers/STM32G4xx_HAL_Driver/Src/stm32g4xx_hal.o
 .debug_abbrev  0x00000000000020ca      0x2bf ./Drivers/STM32G4xx_HAL_Driver/Src/stm32g4xx_hal_adc.o
 .debug_abbrev  0x0000000000002389      0x2da ./Drivers/STM32G4xx_HAL_Driver/Src/stm32g4xx_hal_adc_ex.o
 .debug_abbrev  0x0000000000002663      0x30d ./Drivers/STM32G4xx_HAL_Driver/Src/stm32g4xx_hal_cortex.o
 .debug_abbrev  0x0000000000002970      0x1d7 ./Drivers/STM32G4xx_HAL_Driver/Src/stm32g4xx_hal_dma.o
 .debug_abbrev  0x0000000000002b47      0x1d3 ./Drivers/STM32G4xx_HAL_Driver/Src/stm32g4xx_hal_fdcan.o
 .debug_abbrev  0x0000000000002d1a      0x1bb ./Drivers/STM32G4xx_HAL_Driver/Src/stm32g4xx_hal_gpio.o
 .debug_abbrev  0x0000000000002ed5      0x229 ./Drivers/STM32G4xx_HAL_Driver/Src/stm32g4xx_hal_pwr_ex.o
 .debug_abbrev  0x00000000000030fe      0x2bd ./Drivers/STM32G4xx_HAL_Driver/Src/stm32g4xx_hal_rcc.o
 .debug_abbrev  0x00000000000033bb      0x247 ./Drivers/STM32G4xx_HAL_Driver/Src/stm32g4xx_hal_rcc_ex.o
 .debug_abbrev  0x0000000000003602      0x254 ./Drivers/STM32G4xx_HAL_Driver/Src/stm32g4xx_hal_spi.o
 .debug_abbrev  0x0000000000003856      0x28e ./Drivers/STM32G4xx_HAL_Driver/Src/stm32g4xx_hal_tim.o
 .debug_abbrev  0x0000000000003ae4      0x2ab ./Drivers/STM32G4xx_HAL_Driver/Src/stm32g4xx_hal_tim_ex.o

.debug_aranges  0x0000000000000000     0x1868
 .debug_aranges
                0x0000000000000000       0x40 ./Core/Src/adc.o
 .debug_aranges
                0x0000000000000040       0x20 ./Core/Src/calibration.o
 .debug_aranges
                0x0000000000000060       0x70 ./Core/Src/control.o
 .debug_aranges
                0x00000000000000d0       0x20 ./Core/Src/dma.o
 .debug_aranges
                0x00000000000000f0       0x30 ./Core/Src/encoder.o
 .debug_aranges
                0x0000000000000120       0x50 ./Core/Src/fdcan.o
 .debug_aranges
                0x0000000000000170       0x58 ./Core/Src/fsm.o
 .debug_aranges
                0x00000000000001c8       0x20 ./Core/Src/gpio.o
 .debug_aranges
                0x00000000000001e8       0x30 ./Core/Src/main.o
 .debug_aranges
                0x0000000000000218       0x58 ./Core/Src/max22200_driver.o
 .debug_aranges
                0x0000000000000270       0xa0 ./Core/Src/motor.o
 .debug_aranges
                0x0000000000000310       0x30 ./Core/Src/spi.o
 .debug_aranges
                0x0000000000000340       0x20 ./Core/Src/stm32g4xx_hal_msp.o
 .debug_aranges
                0x0000000000000360       0x98 ./Core/Src/stm32g4xx_it.o
 .debug_aranges
                0x00000000000003f8       0x28 ./Core/Src/system_stm32g4xx.o
 .debug_aranges
                0x0000000000000420       0x60 ./Core/Src/tim.o
 .debug_aranges
                0x0000000000000480       0x28 ./Core/Startup/startup_stm32g474rbtx.o
 .debug_aranges
                0x00000000000004a8      0x130 ./Drivers/STM32G4xx_HAL_Driver/Src/stm32g4xx_hal.o
 .debug_aranges
                0x00000000000005d8      0x248 ./Drivers/STM32G4xx_HAL_Driver/Src/stm32g4xx_hal_adc.o
 .debug_aranges
                0x0000000000000820      0x1c0 ./Drivers/STM32G4xx_HAL_Driver/Src/stm32g4xx_hal_adc_ex.o
 .debug_aranges
                0x00000000000009e0      0x118 ./Drivers/STM32G4xx_HAL_Driver/Src/stm32g4xx_hal_cortex.o
 .debug_aranges
                0x0000000000000af8       0x90 ./Drivers/STM32G4xx_HAL_Driver/Src/stm32g4xx_hal_dma.o
 .debug_aranges
                0x0000000000000b88      0x208 ./Drivers/STM32G4xx_HAL_Driver/Src/stm32g4xx_hal_fdcan.o
 .debug_aranges
                0x0000000000000d90       0x58 ./Drivers/STM32G4xx_HAL_Driver/Src/stm32g4xx_hal_gpio.o
 .debug_aranges
                0x0000000000000de8      0x140 ./Drivers/STM32G4xx_HAL_Driver/Src/stm32g4xx_hal_pwr_ex.o
 .debug_aranges
                0x0000000000000f28       0x98 ./Drivers/STM32G4xx_HAL_Driver/Src/stm32g4xx_hal_rcc.o
 .debug_aranges
                0x0000000000000fc0       0xb0 ./Drivers/STM32G4xx_HAL_Driver/Src/stm32g4xx_hal_rcc_ex.o
 .debug_aranges
                0x0000000000001070      0x1d8 ./Drivers/STM32G4xx_HAL_Driver/Src/stm32g4xx_hal_spi.o
 .debug_aranges
                0x0000000000001248      0x3e0 ./Drivers/STM32G4xx_HAL_Driver/Src/stm32g4xx_hal_tim.o
 .debug_aranges
                0x0000000000001628      0x240 ./Drivers/STM32G4xx_HAL_Driver/Src/stm32g4xx_hal_tim_ex.o

.debug_ranges   0x0000000000000000     0x1690
 .debug_ranges  0x0000000000000000       0x30 ./Core/Src/adc.o
 .debug_ranges  0x0000000000000030       0x10 ./Core/Src/calibration.o
 .debug_ranges  0x0000000000000040       0x60 ./Core/Src/control.o
 .debug_ranges  0x00000000000000a0       0x10 ./Core/Src/dma.o
 .debug_ranges  0x00000000000000b0       0x20 ./Core/Src/encoder.o
 .debug_ranges  0x00000000000000d0       0x40 ./Core/Src/fdcan.o
 .debug_ranges  0x0000000000000110       0x48 ./Core/Src/fsm.o
 .debug_ranges  0x0000000000000158       0x10 ./Core/Src/gpio.o
 .debug_ranges  0x0000000000000168       0x20 ./Core/Src/main.o
 .debug_ranges  0x0000000000000188       0x48 ./Core/Src/max22200_driver.o
 .debug_ranges  0x00000000000001d0       0x90 ./Core/Src/motor.o
 .debug_ranges  0x0000000000000260       0x20 ./Core/Src/spi.o
 .debug_ranges  0x0000000000000280       0x10 ./Core/Src/stm32g4xx_hal_msp.o
 .debug_ranges  0x0000000000000290       0x88 ./Core/Src/stm32g4xx_it.o
 .debug_ranges  0x0000000000000318       0x18 ./Core/Src/system_stm32g4xx.o
 .debug_ranges  0x0000000000000330       0x50 ./Core/Src/tim.o
 .debug_ranges  0x0000000000000380       0x20 ./Core/Startup/startup_stm32g474rbtx.o
 .debug_ranges  0x00000000000003a0      0x120 ./Drivers/STM32G4xx_HAL_Driver/Src/stm32g4xx_hal.o
 .debug_ranges  0x00000000000004c0      0x238 ./Drivers/STM32G4xx_HAL_Driver/Src/stm32g4xx_hal_adc.o
 .debug_ranges  0x00000000000006f8      0x1b0 ./Drivers/STM32G4xx_HAL_Driver/Src/stm32g4xx_hal_adc_ex.o
 .debug_ranges  0x00000000000008a8      0x108 ./Drivers/STM32G4xx_HAL_Driver/Src/stm32g4xx_hal_cortex.o
 .debug_ranges  0x00000000000009b0       0x80 ./Drivers/STM32G4xx_HAL_Driver/Src/stm32g4xx_hal_dma.o
 .debug_ranges  0x0000000000000a30      0x1f8 ./Drivers/STM32G4xx_HAL_Driver/Src/stm32g4xx_hal_fdcan.o
 .debug_ranges  0x0000000000000c28       0x48 ./Drivers/STM32G4xx_HAL_Driver/Src/stm32g4xx_hal_gpio.o
 .debug_ranges  0x0000000000000c70      0x130 ./Drivers/STM32G4xx_HAL_Driver/Src/stm32g4xx_hal_pwr_ex.o
 .debug_ranges  0x0000000000000da0       0x88 ./Drivers/STM32G4xx_HAL_Driver/Src/stm32g4xx_hal_rcc.o
 .debug_ranges  0x0000000000000e28       0xa0 ./Drivers/STM32G4xx_HAL_Driver/Src/stm32g4xx_hal_rcc_ex.o
 .debug_ranges  0x0000000000000ec8      0x1c8 ./Drivers/STM32G4xx_HAL_Driver/Src/stm32g4xx_hal_spi.o
 .debug_ranges  0x0000000000001090      0x3d0 ./Drivers/STM32G4xx_HAL_Driver/Src/stm32g4xx_hal_tim.o
 .debug_ranges  0x0000000000001460      0x230 ./Drivers/STM32G4xx_HAL_Driver/Src/stm32g4xx_hal_tim_ex.o

.debug_macro    0x0000000000000000    0x2b024
 .debug_macro   0x0000000000000000      0x215 ./Core/Src/adc.o
 .debug_macro   0x0000000000000215      0xa78 ./Core/Src/adc.o
 .debug_macro   0x0000000000000c8d      0x167 ./Core/Src/adc.o
 .debug_macro   0x0000000000000df4       0x2e ./Core/Src/adc.o
 .debug_macro   0x0000000000000e22       0x28 ./Core/Src/adc.o
 .debug_macro   0x0000000000000e4a       0x22 ./Core/Src/adc.o
 .debug_macro   0x0000000000000e6c       0x8e ./Core/Src/adc.o
 .debug_macro   0x0000000000000efa       0x51 ./Core/Src/adc.o
 .debug_macro   0x0000000000000f4b      0x103 ./Core/Src/adc.o
 .debug_macro   0x000000000000104e       0x6a ./Core/Src/adc.o
 .debug_macro   0x00000000000010b8      0x1df ./Core/Src/adc.o
 .debug_macro   0x0000000000001297       0x1c ./Core/Src/adc.o
 .debug_macro   0x00000000000012b3       0x22 ./Core/Src/adc.o
 .debug_macro   0x00000000000012d5       0xfb ./Core/Src/adc.o
 .debug_macro   0x00000000000013d0     0x1011 ./Core/Src/adc.o
 .debug_macro   0x00000000000023e1      0x11f ./Core/Src/adc.o
 .debug_macro   0x0000000000002500    0x18b93 ./Core/Src/adc.o
 .debug_macro   0x000000000001b093       0x6d ./Core/Src/adc.o
 .debug_macro   0x000000000001b100     0x3554 ./Core/Src/adc.o
 .debug_macro   0x000000000001e654      0x174 ./Core/Src/adc.o
 .debug_macro   0x000000000001e7c8       0x5c ./Core/Src/adc.o
 .debug_macro   0x000000000001e824     0x171f ./Core/Src/adc.o
 .debug_macro   0x000000000001ff43      0x600 ./Core/Src/adc.o
 .debug_macro   0x0000000000020543      0x1b6 ./Core/Src/adc.o
 .debug_macro   0x00000000000206f9      0x34a ./Core/Src/adc.o
 .debug_macro   0x0000000000020a43      0x53c ./Core/Src/adc.o
 .debug_macro   0x0000000000020f7f      0x18b ./Core/Src/adc.o
 .debug_macro   0x000000000002110a       0x43 ./Core/Src/adc.o
 .debug_macro   0x000000000002114d      0x23d ./Core/Src/adc.o
 .debug_macro   0x000000000002138a     0x10fd ./Core/Src/adc.o
 .debug_macro   0x0000000000022487      0x72e ./Core/Src/adc.o
 .debug_macro   0x0000000000022bb5      0x391 ./Core/Src/adc.o
 .debug_macro   0x0000000000022f46      0x211 ./Core/Src/adc.o
 .debug_macro   0x0000000000023157      0x6af ./Core/Src/adc.o
 .debug_macro   0x0000000000023806      0x45c ./Core/Src/adc.o
 .debug_macro   0x0000000000023c62      0x11c ./Core/Src/adc.o
 .debug_macro   0x0000000000023d7e      0x122 ./Core/Src/adc.o
 .debug_macro   0x0000000000023ea0      0x3d1 ./Core/Src/adc.o
 .debug_macro   0x0000000000024271      0x2fe ./Core/Src/adc.o
 .debug_macro   0x000000000002456f      0xbef ./Core/Src/adc.o
 .debug_macro   0x000000000002515e      0x718 ./Core/Src/adc.o
 .debug_macro   0x0000000000025876      0x358 ./Core/Src/adc.o
 .debug_macro   0x0000000000025bce      0x118 ./Core/Src/adc.o
 .debug_macro   0x0000000000025ce6      0x322 ./Core/Src/calibration.o
 .debug_macro   0x0000000000026008      0x160 ./Core/Src/calibration.o
 .debug_macro   0x0000000000026168       0x52 ./Core/Src/calibration.o
 .debug_macro   0x00000000000261ba       0x1e ./Core/Src/calibration.o
 .debug_macro   0x00000000000261d8       0x3c ./Core/Src/calibration.o
 .debug_macro   0x0000000000026214       0x34 ./Core/Src/calibration.o
 .debug_macro   0x0000000000026248       0x16 ./Core/Src/calibration.o
 .debug_macro   0x000000000002625e       0x43 ./Core/Src/calibration.o
 .debug_macro   0x00000000000262a1       0x34 ./Core/Src/calibration.o
 .debug_macro   0x00000000000262d5       0x10 ./Core/Src/calibration.o
 .debug_macro   0x00000000000262e5       0x58 ./Core/Src/calibration.o
 .debug_macro   0x000000000002633d       0x71 ./Core/Src/calibration.o
 .debug_macro   0x00000000000263ae       0x1c ./Core/Src/calibration.o
 .debug_macro   0x00000000000263ca      0x12a ./Core/Src/calibration.o
 .debug_macro   0x00000000000264f4      0x341 ./Core/Src/calibration.o
 .debug_macro   0x0000000000026835       0x10 ./Core/Src/calibration.o
 .debug_macro   0x0000000000026845       0x35 ./Core/Src/calibration.o
 .debug_macro   0x000000000002687a       0x20 ./Core/Src/calibration.o
 .debug_macro   0x000000000002689a       0x56 ./Core/Src/calibration.o
 .debug_macro   0x00000000000268f0       0x88 ./Core/Src/calibration.o
 .debug_macro   0x0000000000026978       0x22 ./Core/Src/calibration.o
 .debug_macro   0x000000000002699a      0x33d ./Core/Src/control.o
 .debug_macro   0x0000000000026cd7      0x215 ./Core/Src/dma.o
 .debug_macro   0x0000000000026eec      0x20c ./Core/Src/encoder.o
 .debug_macro   0x00000000000270f8      0x2ec ./Core/Src/fdcan.o
 .debug_macro   0x00000000000273e4      0x352 ./Core/Src/fsm.o
 .debug_macro   0x0000000000027736      0x11e ./Core/Src/fsm.o
 .debug_macro   0x0000000000027854      0x215 ./Core/Src/gpio.o
 .debug_macro   0x0000000000027a69      0x38c ./Core/Src/main.o
 .debug_macro   0x0000000000027df5      0x3c6 ./Core/Src/max22200_driver.o
 .debug_macro   0x00000000000281bb       0x1c ./Core/Src/max22200_driver.o
 .debug_macro   0x00000000000281d7       0x10 ./Core/Src/max22200_driver.o
 .debug_macro   0x00000000000281e7       0x10 ./Core/Src/max22200_driver.o
 .debug_macro   0x00000000000281f7       0x1c ./Core/Src/max22200_driver.o
 .debug_macro   0x0000000000028213       0x52 ./Core/Src/max22200_driver.o
 .debug_macro   0x0000000000028265       0x22 ./Core/Src/max22200_driver.o
 .debug_macro   0x0000000000028287       0x10 ./Core/Src/max22200_driver.o
 .debug_macro   0x0000000000028297       0x52 ./Core/Src/max22200_driver.o
 .debug_macro   0x00000000000282e9       0xd5 ./Core/Src/max22200_driver.o
 .debug_macro   0x00000000000283be       0x1c ./Core/Src/max22200_driver.o
 .debug_macro   0x00000000000283da       0x3d ./Core/Src/max22200_driver.o
 .debug_macro   0x0000000000028417       0x16 ./Core/Src/max22200_driver.o
 .debug_macro   0x000000000002842d      0x145 ./Core/Src/max22200_driver.o
 .debug_macro   0x0000000000028572      0x30f ./Core/Src/motor.o
 .debug_macro   0x0000000000028881      0x215 ./Core/Src/spi.o
 .debug_macro   0x0000000000028a96      0x20b ./Core/Src/stm32g4xx_hal_msp.o
 .debug_macro   0x0000000000028ca1      0x36a ./Core/Src/stm32g4xx_it.o
 .debug_macro   0x000000000002900b      0x1fc ./Core/Src/system_stm32g4xx.o
 .debug_macro   0x0000000000029207      0x215 ./Core/Src/tim.o
 .debug_macro   0x000000000002941c      0x24a ./Drivers/STM32G4xx_HAL_Driver/Src/stm32g4xx_hal.o
 .debug_macro   0x0000000000029666      0x219 ./Drivers/STM32G4xx_HAL_Driver/Src/stm32g4xx_hal_adc.o
 .debug_macro   0x000000000002987f      0x208 ./Drivers/STM32G4xx_HAL_Driver/Src/stm32g4xx_hal_adc_ex.o
 .debug_macro   0x0000000000029a87      0x1fc ./Drivers/STM32G4xx_HAL_Driver/Src/stm32g4xx_hal_cortex.o
 .debug_macro   0x0000000000029c83      0x1fc ./Drivers/STM32G4xx_HAL_Driver/Src/stm32g4xx_hal_dma.o
 .debug_macro   0x0000000000029e7f      0x30e ./Drivers/STM32G4xx_HAL_Driver/Src/stm32g4xx_hal_fdcan.o
 .debug_macro   0x000000000002a18d      0x203 ./Drivers/STM32G4xx_HAL_Driver/Src/stm32g4xx_hal_gpio.o
 .debug_macro   0x000000000002a390      0x226 ./Drivers/STM32G4xx_HAL_Driver/Src/stm32g4xx_hal_pwr_ex.o
 .debug_macro   0x000000000002a5b6      0x23e ./Drivers/STM32G4xx_HAL_Driver/Src/stm32g4xx_hal_rcc.o
 .debug_macro   0x000000000002a7f4      0x226 ./Drivers/STM32G4xx_HAL_Driver/Src/stm32g4xx_hal_rcc_ex.o
 .debug_macro   0x000000000002aa1a      0x204 ./Drivers/STM32G4xx_HAL_Driver/Src/stm32g4xx_hal_spi.o
 .debug_macro   0x000000000002ac1e      0x204 ./Drivers/STM32G4xx_HAL_Driver/Src/stm32g4xx_hal_tim.o
 .debug_macro   0x000000000002ae22      0x202 ./Drivers/STM32G4xx_HAL_Driver/Src/stm32g4xx_hal_tim_ex.o

.debug_line     0x0000000000000000    0x1d224
 .debug_line    0x0000000000000000      0x99a ./Core/Src/adc.o
 .debug_line    0x000000000000099a      0xa6a ./Core/Src/calibration.o
 .debug_line    0x0000000000001404      0xd37 ./Core/Src/control.o
 .debug_line    0x000000000000213b      0x731 ./Core/Src/dma.o
 .debug_line    0x000000000000286c      0x787 ./Core/Src/encoder.o
 .debug_line    0x0000000000002ff3      0xa4d ./Core/Src/fdcan.o
 .debug_line    0x0000000000003a40      0xb87 ./Core/Src/fsm.o
 .debug_line    0x00000000000045c7      0x774 ./Core/Src/gpio.o
 .debug_line    0x0000000000004d3b      0x9cc ./Core/Src/main.o
 .debug_line    0x0000000000005707      0xe11 ./Core/Src/max22200_driver.o
 .debug_line    0x0000000000006518      0xbc6 ./Core/Src/motor.o
 .debug_line    0x00000000000070de      0x7ad ./Core/Src/spi.o
 .debug_line    0x000000000000788b      0x735 ./Core/Src/stm32g4xx_hal_msp.o
 .debug_line    0x0000000000007fc0      0xb1b ./Core/Src/stm32g4xx_it.o
 .debug_line    0x0000000000008adb      0x79e ./Core/Src/system_stm32g4xx.o
 .debug_line    0x0000000000009279      0x9ca ./Core/Src/tim.o
 .debug_line    0x0000000000009c43       0x89 ./Core/Startup/startup_stm32g474rbtx.o
 .debug_line    0x0000000000009ccc      0xb15 ./Drivers/STM32G4xx_HAL_Driver/Src/stm32g4xx_hal.o
 .debug_line    0x000000000000a7e1     0x217c ./Drivers/STM32G4xx_HAL_Driver/Src/stm32g4xx_hal_adc.o
 .debug_line    0x000000000000c95d     0x1b53 ./Drivers/STM32G4xx_HAL_Driver/Src/stm32g4xx_hal_adc_ex.o
 .debug_line    0x000000000000e4b0      0xcc8 ./Drivers/STM32G4xx_HAL_Driver/Src/stm32g4xx_hal_cortex.o
 .debug_line    0x000000000000f178      0xe81 ./Drivers/STM32G4xx_HAL_Driver/Src/stm32g4xx_hal_dma.o
 .debug_line    0x000000000000fff9     0x188e ./Drivers/STM32G4xx_HAL_Driver/Src/stm32g4xx_hal_fdcan.o
 .debug_line    0x0000000000011887      0xb58 ./Drivers/STM32G4xx_HAL_Driver/Src/stm32g4xx_hal_gpio.o
 .debug_line    0x00000000000123df      0xccc ./Drivers/STM32G4xx_HAL_Driver/Src/stm32g4xx_hal_pwr_ex.o
 .debug_line    0x00000000000130ab      0xf2b ./Drivers/STM32G4xx_HAL_Driver/Src/stm32g4xx_hal_rcc.o
 .debug_line    0x0000000000013fd6     0x1238 ./Drivers/STM32G4xx_HAL_Driver/Src/stm32g4xx_hal_rcc_ex.o
 .debug_line    0x000000000001520e     0x1f5f ./Drivers/STM32G4xx_HAL_Driver/Src/stm32g4xx_hal_spi.o
 .debug_line    0x000000000001716d     0x3f4e ./Drivers/STM32G4xx_HAL_Driver/Src/stm32g4xx_hal_tim.o
 .debug_line    0x000000000001b0bb     0x2169 ./Drivers/STM32G4xx_HAL_Driver/Src/stm32g4xx_hal_tim_ex.o

.debug_str      0x0000000000000000   0x1150da
 .debug_str     0x0000000000000000   0x108d28 ./Core/Src/adc.o
                                     0x10937c (size before relaxing)
 .debug_str     0x0000000000108d28     0x39e4 ./Core/Src/calibration.o
                                     0x10c29b (size before relaxing)
 .debug_str     0x000000000010c70c      0x2e6 ./Core/Src/control.o
                                     0x10c47e (size before relaxing)
 .debug_str     0x000000000010c9f2      0x683 ./Core/Src/dma.o
                                     0x109023 (size before relaxing)
 .debug_str     0x000000000010d075      0x35a ./Core/Src/encoder.o
                                     0x108b1d (size before relaxing)
 .debug_str     0x000000000010d3cf      0x521 ./Core/Src/fdcan.o
                                     0x10c717 (size before relaxing)
 .debug_str     0x000000000010d8f0      0x366 ./Core/Src/fsm.o
                                     0x10d0b6 (size before relaxing)
 .debug_str     0x000000000010dc56       0x32 ./Core/Src/gpio.o
                                     0x108a97 (size before relaxing)
 .debug_str     0x000000000010dc88      0x21f ./Core/Src/main.o
                                     0x10cce3 (size before relaxing)
 .debug_str     0x000000000010dea7     0x1297 ./Core/Src/max22200_driver.o
                                     0x10d728 (size before relaxing)
 .debug_str     0x000000000010f13e       0xcf ./Core/Src/motor.o
                                     0x10c270 (size before relaxing)
 .debug_str     0x000000000010f20d       0x4b ./Core/Src/spi.o
                                     0x108fcc (size before relaxing)
 .debug_str     0x000000000010f258       0x4d ./Core/Src/stm32g4xx_hal_msp.o
                                     0x1089ed (size before relaxing)
 .debug_str     0x000000000010f2a5      0x1d5 ./Core/Src/stm32g4xx_it.o
                                     0x10ce57 (size before relaxing)
 .debug_str     0x000000000010f47a       0xdb ./Core/Src/system_stm32g4xx.o
                                     0x108640 (size before relaxing)
 .debug_str     0x000000000010f555      0x21f ./Core/Src/tim.o
                                     0x1099b0 (size before relaxing)
 .debug_str     0x000000000010f774       0x36 ./Core/Startup/startup_stm32g474rbtx.o
                                         0x6b (size before relaxing)